#
# There is insufficient memory for the Java Runtime Environment to continue.
# Native memory allocation (mmap) failed to map 17825792 bytes. Error detail: G1 virtual space
# Possible reasons:
#   The system is out of physical RAM or swap space
#   This process is running with CompressedOops enabled, and the Java Heap may be blocking the growth of the native heap
# Possible solutions:
#   Reduce memory load on the system
#   Increase physical memory or swap space
#   Check if swap backing store is full
#   Decrease Java heap size (-Xmx/-Xms)
#   Decrease number of Java threads
#   Decrease Java thread stack sizes (-Xss)
#   Set larger code cache with -XX:ReservedCodeCacheSize=
#   JVM is running with Unscaled Compressed Oops mode in which the Java heap is
#     placed in the first 4GB address space. The Java Heap base address is the
#     maximum limit for the native heap growth. Please use -XX:HeapBaseMinAddress
#     to set the Java Heap base and to place the Java Heap above 4GB virtual address.
# This output file may be truncated or incomplete.
#
#  Out of Memory Error (os_windows.cpp:3828), pid=11436, tid=6308
#
# JRE version: OpenJDK Runtime Environment (21.0.4) (build 21.0.4+-12508038-b607.1)
# Java VM: OpenJDK 64-Bit Server VM (21.0.4+-12508038-b607.1, mixed mode, tiered, compressed oops, compressed class ptrs, g1 gc, windows-amd64)
# No core dump will be written. Minidumps are not enabled by default on client versions of Windows
#

---------------  S U M M A R Y ------------

Command Line: --add-opens=java.base/java.util=ALL-UNNAMED --add-opens=java.base/java.lang=ALL-UNNAMED --add-opens=java.base/java.lang.invoke=ALL-UNNAMED --add-opens=java.prefs/java.util.prefs=ALL-UNNAMED --add-exports=jdk.compiler/com.sun.tools.javac.api=ALL-UNNAMED --add-exports=jdk.compiler/com.sun.tools.javac.util=ALL-UNNAMED --add-opens=java.base/java.nio.charset=ALL-UNNAMED --add-opens=java.base/java.net=ALL-UNNAMED --add-opens=java.base/java.util.concurrent.atomic=ALL-UNNAMED -Xmx2048m -Dfile.encoding=UTF-8 -Duser.country=US -Duser.language=en -Duser.variant -javaagent:C:\Users\ravin\.gradle\wrapper\dists\gradle-8.10.2-bin\a04bxjujx95o3nb99gddekhwo\gradle-8.10.2\lib\agents\gradle-instrumentation-agent-8.10.2.jar org.gradle.launcher.daemon.bootstrap.GradleDaemon 8.10.2

Host: Intel(R) Core(TM) i5-8500 CPU @ 3.00GHz, 6 cores, 7G,  Windows 11 , 64 bit Build 26100 (10.0.26100.2454)
Time: Mon Feb  3 15:38:49 2025 Sri Lanka Standard Time elapsed time: 17.827445 seconds (0d 0h 0m 17s)

---------------  T H R E A D  ---------------

Current thread (0x000001b44c43d2d0):  VMThread "VM Thread"          [id=6308, stack(0x0000006feca00000,0x0000006fecb00000) (1024K)]

Stack: [0x0000006feca00000,0x0000006fecb00000]
Native frames: (J=compiled Java code, j=interpreted, Vv=VM code, C=native code)
V  [jvm.dll+0x6ce539]
V  [jvm.dll+0x85bf03]
V  [jvm.dll+0x85e45e]
V  [jvm.dll+0x85eb43]
V  [jvm.dll+0x27dd06]
V  [jvm.dll+0x6cada5]
V  [jvm.dll+0x6bf27a]
V  [jvm.dll+0x3541fb]
V  [jvm.dll+0x35be36]
V  [jvm.dll+0x3adbc6]
V  [jvm.dll+0x3ade98]
V  [jvm.dll+0x32691c]
V  [jvm.dll+0x329326]
V  [jvm.dll+0x33325d]
V  [jvm.dll+0x36a865]
V  [jvm.dll+0x8648c8]
V  [jvm.dll+0x865c44]
V  [jvm.dll+0x866180]
V  [jvm.dll+0x866413]
V  [jvm.dll+0x804418]
V  [jvm.dll+0x6cce0d]
C  [ucrtbase.dll+0x14ea0]
C  [KERNEL32.DLL+0x2e8d7]
C  [ntdll.dll+0xdfbcc]

VM_Operation (0x0000006fec5ff580): G1PauseRemark, mode: safepoint, requested by thread 0x000001b4348d18b0


---------------  P R O C E S S  ---------------

Threads class SMR info:
_java_thread_list=0x000001b45f1e6160, length=53, elements={
0x000001b432e14f10, 0x000001b44c4cc0f0, 0x000001b44c4ccb50, 0x000001b44c4dd620,
0x000001b44c4de080, 0x000001b44c4deae0, 0x000001b44c4df540, 0x000001b44c4e2120,
0x000001b44c4eee10, 0x000001b44c65b130, 0x000001b44c7fa620, 0x000001b4528952e0,
0x000001b4529ff2d0, 0x000001b4529fe9e0, 0x000001b452a0a8b0, 0x000001b452a0af20,
0x000001b452a3fcd0, 0x000001b4528bfbb0, 0x000001b4528c15f0, 0x000001b4528c1c80,
0x000001b4528bf520, 0x000001b4528c08d0, 0x000001b4528be800, 0x000001b4528bee90,
0x000001b4528c0f60, 0x000001b452e88660, 0x000001b452e88cf0, 0x000001b452e8b450,
0x000001b452e8a730, 0x000001b452e87fd0, 0x000001b452e8adc0, 0x000001b452e8c170,
0x000001b452e8bae0, 0x000001b452e8a0a0, 0x000001b452e8c800, 0x000001b452e89380,
0x000001b452e8ce90, 0x000001b452e89a10, 0x000001b452e8d520, 0x000001b452e8e240,
0x000001b452e8ef60, 0x000001b452e8f5f0, 0x000001b452e21510, 0x000001b452e20160,
0x000001b452e21ba0, 0x000001b452e22230, 0x000001b452e228c0, 0x000001b452e22f50,
0x000001b452e235e0, 0x000001b452e207f0, 0x000001b452e23c70, 0x000001b452e24300,
0x000001b452e24990
}

Java Threads: ( => current thread )
  0x000001b432e14f10 JavaThread "main"                              [_thread_blocked, id=14360, stack(0x0000006fec300000,0x0000006fec400000) (1024K)]
  0x000001b44c4cc0f0 JavaThread "Reference Handler"          daemon [_thread_blocked, id=11988, stack(0x0000006fecb00000,0x0000006fecc00000) (1024K)]
  0x000001b44c4ccb50 JavaThread "Finalizer"                  daemon [_thread_blocked, id=12312, stack(0x0000006fecc00000,0x0000006fecd00000) (1024K)]
  0x000001b44c4dd620 JavaThread "Signal Dispatcher"          daemon [_thread_blocked, id=10956, stack(0x0000006fecd00000,0x0000006fece00000) (1024K)]
  0x000001b44c4de080 JavaThread "Attach Listener"            daemon [_thread_blocked, id=7200, stack(0x0000006fece00000,0x0000006fecf00000) (1024K)]
  0x000001b44c4deae0 JavaThread "Service Thread"             daemon [_thread_blocked, id=10716, stack(0x0000006fecf00000,0x0000006fed000000) (1024K)]
  0x000001b44c4df540 JavaThread "Monitor Deflation Thread"   daemon [_thread_blocked, id=2460, stack(0x0000006fed000000,0x0000006fed100000) (1024K)]
  0x000001b44c4e2120 JavaThread "C2 CompilerThread0"         daemon [_thread_blocked, id=3344, stack(0x0000006fed100000,0x0000006fed200000) (1024K)]
  0x000001b44c4eee10 JavaThread "C1 CompilerThread0"         daemon [_thread_blocked, id=2272, stack(0x0000006fed200000,0x0000006fed300000) (1024K)]
  0x000001b44c65b130 JavaThread "Common-Cleaner"             daemon [_thread_blocked, id=14812, stack(0x0000006fed300000,0x0000006fed400000) (1024K)]
  0x000001b44c7fa620 JavaThread "Notification Thread"        daemon [_thread_blocked, id=5432, stack(0x0000006fed400000,0x0000006fed500000) (1024K)]
  0x000001b4528952e0 JavaThread "Daemon health stats"               [_thread_blocked, id=6228, stack(0x0000006feda00000,0x0000006fedb00000) (1024K)]
  0x000001b4529ff2d0 JavaThread "Incoming local TCP Connector on port 10311"        [_thread_in_native, id=9252, stack(0x0000006fedb00000,0x0000006fedc00000) (1024K)]
  0x000001b4529fe9e0 JavaThread "Daemon periodic checks"            [_thread_blocked, id=4068, stack(0x0000006fedc00000,0x0000006fedd00000) (1024K)]
  0x000001b452a0a8b0 JavaThread "Daemon"                            [_thread_blocked, id=13468, stack(0x0000006fedd00000,0x0000006fede00000) (1024K)]
  0x000001b452a0af20 JavaThread "Handler for socket connection from /127.0.0.1:10311 to /127.0.0.1:10312"        [_thread_in_native, id=8900, stack(0x0000006fede00000,0x0000006fedf00000) (1024K)]
  0x000001b452a3fcd0 JavaThread "Cancel handler"                    [_thread_blocked, id=5444, stack(0x0000006fee000000,0x0000006fee100000) (1024K)]
  0x000001b4528bfbb0 JavaThread "Daemon worker"                     [_thread_blocked, id=10032, stack(0x0000006fee100000,0x0000006fee200000) (1024K)]
  0x000001b4528c15f0 JavaThread "Asynchronous log dispatcher for DefaultDaemonConnection: socket connection from /127.0.0.1:10311 to /127.0.0.1:10312"        [_thread_blocked, id=10848, stack(0x0000006fee200000,0x0000006fee300000) (1024K)]
  0x000001b4528c1c80 JavaThread "Stdin handler"                     [_thread_blocked, id=9688, stack(0x0000006fee300000,0x0000006fee400000) (1024K)]
  0x000001b4528bf520 JavaThread "Daemon client event forwarder"        [_thread_blocked, id=15072, stack(0x0000006fee400000,0x0000006fee500000) (1024K)]
  0x000001b4528c08d0 JavaThread "Cache worker for journal cache (C:\Users\ravin\.gradle\caches\journal-1)"        [_thread_blocked, id=8788, stack(0x0000006fee600000,0x0000006fee700000) (1024K)]
  0x000001b4528be800 JavaThread "File lock request listener"        [_thread_in_native, id=2280, stack(0x0000006fee700000,0x0000006fee800000) (1024K)]
  0x000001b4528bee90 JavaThread "Cache worker for file hash cache (C:\Users\ravin\.gradle\caches\8.10.2\fileHashes)"        [_thread_blocked, id=1208, stack(0x0000006fee800000,0x0000006fee900000) (1024K)]
  0x000001b4528c0f60 JavaThread "Cache worker for file hash cache (D:\Android Studio Projects\TravelCompanionApp\.gradle\8.10.2\fileHashes)"        [_thread_blocked, id=9448, stack(0x0000006fee900000,0x0000006feea00000) (1024K)]
  0x000001b452e88660 JavaThread "Cache worker for Build Output Cleanup Cache (D:\Android Studio Projects\TravelCompanionApp\.gradle\buildOutputCleanup)"        [_thread_blocked, id=12848, stack(0x0000006feea00000,0x0000006feeb00000) (1024K)]
  0x000001b452e88cf0 JavaThread "File watcher server"        daemon [_thread_blocked, id=4372, stack(0x0000006feeb00000,0x0000006feec00000) (1024K)]
  0x000001b452e8b450 JavaThread "File watcher consumer"      daemon [_thread_blocked, id=2072, stack(0x0000006feec00000,0x0000006feed00000) (1024K)]
  0x000001b452e8a730 JavaThread "jar transforms"                    [_thread_blocked, id=11112, stack(0x0000006feed00000,0x0000006feee00000) (1024K)]
  0x000001b452e87fd0 JavaThread "jar transforms Thread 2"           [_thread_blocked, id=6240, stack(0x0000006feee00000,0x0000006feef00000) (1024K)]
  0x000001b452e8adc0 JavaThread "jar transforms Thread 3"           [_thread_blocked, id=2276, stack(0x0000006feef00000,0x0000006fef000000) (1024K)]
  0x000001b452e8c170 JavaThread "jar transforms Thread 4"           [_thread_blocked, id=11652, stack(0x0000006fef000000,0x0000006fef100000) (1024K)]
  0x000001b452e8bae0 JavaThread "jar transforms Thread 5"           [_thread_blocked, id=6400, stack(0x0000006fef100000,0x0000006fef200000) (1024K)]
  0x000001b452e8a0a0 JavaThread "jar transforms Thread 6"           [_thread_blocked, id=11512, stack(0x0000006fef200000,0x0000006fef300000) (1024K)]
  0x000001b452e8c800 JavaThread "Cache worker for checksums cache (D:\Android Studio Projects\TravelCompanionApp\.gradle\8.10.2\checksums)"        [_thread_blocked, id=13792, stack(0x0000006fef300000,0x0000006fef400000) (1024K)]
  0x000001b452e89380 JavaThread "Cache worker for file content cache (C:\Users\ravin\.gradle\caches\8.10.2\fileContent)"        [_thread_blocked, id=9852, stack(0x0000006fef400000,0x0000006fef500000) (1024K)]
  0x000001b452e8ce90 JavaThread "Cache worker for cache directory md-rule (C:\Users\ravin\.gradle\caches\8.10.2\md-rule)"        [_thread_blocked, id=9380, stack(0x0000006fef500000,0x0000006fef600000) (1024K)]
  0x000001b452e89a10 JavaThread "Cache worker for cache directory md-supplier (C:\Users\ravin\.gradle\caches\8.10.2\md-supplier)"        [_thread_blocked, id=6888, stack(0x0000006fef600000,0x0000006fef700000) (1024K)]
  0x000001b452e8d520 JavaThread "Unconstrained build operations"        [_thread_blocked, id=7764, stack(0x0000006fef700000,0x0000006fef800000) (1024K)]
  0x000001b452e8e240 JavaThread "Unconstrained build operations Thread 2"        [_thread_blocked, id=2856, stack(0x0000006fef800000,0x0000006fef900000) (1024K)]
  0x000001b452e8ef60 JavaThread "Unconstrained build operations Thread 3"        [_thread_blocked, id=5840, stack(0x0000006fef900000,0x0000006fefa00000) (1024K)]
  0x000001b452e8f5f0 JavaThread "Unconstrained build operations Thread 4"        [_thread_blocked, id=5188, stack(0x0000006fefa00000,0x0000006fefb00000) (1024K)]
  0x000001b452e21510 JavaThread "Unconstrained build operations Thread 5"        [_thread_blocked, id=15216, stack(0x0000006fefb00000,0x0000006fefc00000) (1024K)]
  0x000001b452e20160 JavaThread "Unconstrained build operations Thread 6"        [_thread_blocked, id=14668, stack(0x0000006fefc00000,0x0000006fefd00000) (1024K)]
  0x000001b452e21ba0 JavaThread "Unconstrained build operations Thread 7"        [_thread_blocked, id=2020, stack(0x0000006fefd00000,0x0000006fefe00000) (1024K)]
  0x000001b452e22230 JavaThread "Unconstrained build operations Thread 8"        [_thread_blocked, id=11040, stack(0x0000006fefe00000,0x0000006feff00000) (1024K)]
  0x000001b452e228c0 JavaThread "Unconstrained build operations Thread 9"        [_thread_blocked, id=4992, stack(0x0000006feff00000,0x0000006ff0000000) (1024K)]
  0x000001b452e22f50 JavaThread "Unconstrained build operations Thread 10"        [_thread_blocked, id=9420, stack(0x0000006ff0000000,0x0000006ff0100000) (1024K)]
  0x000001b452e235e0 JavaThread "Unconstrained build operations Thread 11"        [_thread_blocked, id=3064, stack(0x0000006ff0100000,0x0000006ff0200000) (1024K)]
  0x000001b452e207f0 JavaThread "Unconstrained build operations Thread 12"        [_thread_blocked, id=3748, stack(0x0000006ff0200000,0x0000006ff0300000) (1024K)]
  0x000001b452e23c70 JavaThread "Unconstrained build operations Thread 13"        [_thread_blocked, id=14660, stack(0x0000006ff0300000,0x0000006ff0400000) (1024K)]
  0x000001b452e24300 JavaThread "Unconstrained build operations Thread 14"        [_thread_blocked, id=7804, stack(0x0000006ff0400000,0x0000006ff0500000) (1024K)]
  0x000001b452e24990 JavaThread "Kotlin DSL Writer"                 [_thread_blocked, id=6700, stack(0x0000006ff0500000,0x0000006ff0600000) (1024K)]
Total: 53

Other Threads:
=>0x000001b44c43d2d0 VMThread "VM Thread"                           [id=6308, stack(0x0000006feca00000,0x0000006fecb00000) (1024K)]
  0x000001b44c19d940 WatcherThread "VM Periodic Task Thread"        [id=7272, stack(0x0000006fec900000,0x0000006feca00000) (1024K)]
  0x000001b4348c09c0 WorkerThread "GC Thread#0"                     [id=11528, stack(0x0000006fec400000,0x0000006fec500000) (1024K)]
  0x000001b4511738c0 WorkerThread "GC Thread#1"                     [id=5692, stack(0x0000006fed600000,0x0000006fed700000) (1024K)]
  0x000001b451583c60 WorkerThread "GC Thread#2"                     [id=12336, stack(0x0000006fed700000,0x0000006fed800000) (1024K)]
  0x000001b452032740 WorkerThread "GC Thread#3"                     [id=10660, stack(0x0000006fed800000,0x0000006fed900000) (1024K)]
  0x000001b451e6f540 WorkerThread "GC Thread#4"                     [id=9932, stack(0x0000006fed900000,0x0000006feda00000) (1024K)]
  0x000001b45272b0a0 WorkerThread "GC Thread#5"                     [id=1096, stack(0x0000006fed500000,0x0000006fed600000) (1024K)]
  0x000001b4348d18b0 ConcurrentGCThread "G1 Main Marker"            [id=6992, stack(0x0000006fec500000,0x0000006fec600000) (1024K)]
  0x000001b4348d3100 WorkerThread "G1 Conc#0"                       [id=1076, stack(0x0000006fec600000,0x0000006fec700000) (1024K)]
  0x000001b4529d3950 WorkerThread "G1 Conc#1"                       [id=6628, stack(0x0000006fee500000,0x0000006fee600000) (1024K)]
  0x000001b43492e410 ConcurrentGCThread "G1 Refine#0"               [id=12124, stack(0x0000006fec700000,0x0000006fec800000) (1024K)]
  0x000001b44c05b3e0 ConcurrentGCThread "G1 Service"                [id=8588, stack(0x0000006fec800000,0x0000006fec900000) (1024K)]
Total: 13

Threads with active compile tasks:
Total: 0

VM state: at safepoint (normal execution)

VM Mutex/Monitor currently owned by a thread:  ([mutex/lock_event])
[0x00007ffd55cb72f8] Threads_lock - owner thread: 0x000001b44c43d2d0
[0x00007ffd55cb73f8] Heap_lock - owner thread: 0x000001b4348d18b0

Heap address: 0x0000000080000000, size: 2048 MB, Compressed Oops mode: 32-bit

CDS archive(s) not mapped
Compressed class space mapped at: 0x0000000100000000-0x0000000140000000, reserved size: 1073741824
Narrow klass base: 0x0000000000000000, Narrow klass shift: 3, Narrow klass range: 0x140000000

GC Precious Log:
 CardTable entry size: 512
 Card Set container configuration: InlinePtr #cards 5 size 8 Array Of Cards #cards 12 size 40 Howl #buckets 4 coarsen threshold 1843 Howl Bitmap #cards 512 size 80 coarsen threshold 460 Card regions per heap region 1 cards per card region 2048
 CPUs: 6 total, 6 available
 Memory: 8153M
 Large Page Support: Disabled
 NUMA Support: Disabled
 Compressed Oops: Enabled (32-bit)
 Heap Region Size: 1M
 Heap Min Capacity: 8M
 Heap Initial Capacity: 128M
 Heap Max Capacity: 2G
 Pre-touch: Disabled
 Parallel Workers: 6
 Concurrent Workers: 2
 Concurrent Refinement Workers: 6
 Periodic GC: Disabled

Heap:
 garbage-first heap   total 199680K, used 131242K [0x0000000080000000, 0x0000000100000000)
  region size 1024K, 11 young (11264K), 8 survivors (8192K)
 Metaspace       used 148366K, committed 150720K, reserved 1179648K
  class space    used 18968K, committed 20160K, reserved 1048576K

Heap Regions: E=young(eden), S=young(survivor), O=old, HS=humongous(starts), HC=humongous(continues), CS=collection set, F=free, TAMS=top-at-mark-start, PB=parsable bottom
|   0|0x0000000080000000, 0x0000000080100000, 0x0000000080100000|100%|HS|  |TAMS 0x0000000080100000| PB 0x0000000080000000| Complete 
|   1|0x0000000080100000, 0x0000000080200000, 0x0000000080200000|100%|HC|  |TAMS 0x0000000080200000| PB 0x0000000080100000| Complete 
|   2|0x0000000080200000, 0x0000000080300000, 0x0000000080300000|100%|HC|  |TAMS 0x0000000080300000| PB 0x0000000080200000| Complete 
|   3|0x0000000080300000, 0x0000000080400000, 0x0000000080400000|100%|HC|  |TAMS 0x0000000080400000| PB 0x0000000080300000| Complete 
|   4|0x0000000080400000, 0x0000000080500000, 0x0000000080500000|100%| O|  |TAMS 0x0000000080500000| PB 0x0000000080500000| Untracked 
|   5|0x0000000080500000, 0x0000000080600000, 0x0000000080600000|100%| O|  |TAMS 0x0000000080600000| PB 0x0000000080600000| Untracked 
|   6|0x0000000080600000, 0x0000000080700000, 0x0000000080700000|100%| O|  |TAMS 0x0000000080700000| PB 0x0000000080700000| Untracked 
|   7|0x0000000080700000, 0x0000000080800000, 0x0000000080800000|100%|HS|  |TAMS 0x0000000080800000| PB 0x0000000080700000| Complete 
|   8|0x0000000080800000, 0x0000000080900000, 0x0000000080900000|100%| O|  |TAMS 0x0000000080900000| PB 0x0000000080900000| Untracked 
|   9|0x0000000080900000, 0x0000000080a00000, 0x0000000080a00000|100%| O|  |TAMS 0x0000000080a00000| PB 0x0000000080a00000| Untracked 
|  10|0x0000000080a00000, 0x0000000080b00000, 0x0000000080b00000|100%| O|  |TAMS 0x0000000080b00000| PB 0x0000000080b00000| Untracked 
|  11|0x0000000080b00000, 0x0000000080c00000, 0x0000000080c00000|100%| O|  |TAMS 0x0000000080c00000| PB 0x0000000080c00000| Updating 
|  12|0x0000000080c00000, 0x0000000080d00000, 0x0000000080d00000|100%| O|  |TAMS 0x0000000080d00000| PB 0x0000000080d00000| Untracked 
|  13|0x0000000080d00000, 0x0000000080e00000, 0x0000000080e00000|100%| O|  |TAMS 0x0000000080e00000| PB 0x0000000080e00000| Untracked 
|  14|0x0000000080e00000, 0x0000000080f00000, 0x0000000080f00000|100%| O|  |TAMS 0x0000000080f00000| PB 0x0000000080f00000| Untracked 
|  15|0x0000000080f00000, 0x0000000081000000, 0x0000000081000000|100%| O|  |TAMS 0x0000000080f00000| PB 0x0000000080f00000| Untracked 
|  16|0x0000000081000000, 0x0000000081100000, 0x0000000081100000|100%| O|  |TAMS 0x0000000081100000| PB 0x0000000081100000| Untracked 
|  17|0x0000000081100000, 0x0000000081200000, 0x0000000081200000|100%| O|  |TAMS 0x0000000081200000| PB 0x0000000081200000| Untracked 
|  18|0x0000000081200000, 0x0000000081300000, 0x0000000081300000|100%| O|  |TAMS 0x0000000081300000| PB 0x0000000081300000| Untracked 
|  19|0x0000000081300000, 0x0000000081400000, 0x0000000081400000|100%| O|  |TAMS 0x0000000081400000| PB 0x0000000081400000| Untracked 
|  20|0x0000000081400000, 0x0000000081500000, 0x0000000081500000|100%| O|  |TAMS 0x0000000081500000| PB 0x0000000081500000| Updating 
|  21|0x0000000081500000, 0x0000000081600000, 0x0000000081600000|100%| O|  |TAMS 0x0000000081600000| PB 0x0000000081600000| Updating 
|  22|0x0000000081600000, 0x0000000081700000, 0x0000000081700000|100%|HS|  |TAMS 0x0000000081700000| PB 0x0000000081600000| Complete 
|  23|0x0000000081700000, 0x0000000081800000, 0x0000000081800000|100%|HC|  |TAMS 0x0000000081800000| PB 0x0000000081700000| Complete 
|  24|0x0000000081800000, 0x0000000081900000, 0x0000000081900000|100%|HC|  |TAMS 0x0000000081900000| PB 0x0000000081800000| Complete 
|  25|0x0000000081900000, 0x0000000081a00000, 0x0000000081a00000|100%|HC|  |TAMS 0x0000000081a00000| PB 0x0000000081900000| Complete 
|  26|0x0000000081a00000, 0x0000000081b00000, 0x0000000081b00000|100%|HC|  |TAMS 0x0000000081b00000| PB 0x0000000081a00000| Complete 
|  27|0x0000000081b00000, 0x0000000081c00000, 0x0000000081c00000|100%|HC|  |TAMS 0x0000000081c00000| PB 0x0000000081b00000| Complete 
|  28|0x0000000081c00000, 0x0000000081d00000, 0x0000000081d00000|100%|HS|  |TAMS 0x0000000081d00000| PB 0x0000000081c00000| Complete 
|  29|0x0000000081d00000, 0x0000000081e00000, 0x0000000081e00000|100%|HC|  |TAMS 0x0000000081e00000| PB 0x0000000081d00000| Complete 
|  30|0x0000000081e00000, 0x0000000081f00000, 0x0000000081f00000|100%|HC|  |TAMS 0x0000000081f00000| PB 0x0000000081e00000| Complete 
|  31|0x0000000081f00000, 0x0000000082000000, 0x0000000082000000|100%| O|  |TAMS 0x0000000082000000| PB 0x0000000082000000| Untracked 
|  32|0x0000000082000000, 0x0000000082100000, 0x0000000082100000|100%|HS|  |TAMS 0x0000000082100000| PB 0x0000000082000000| Complete 
|  33|0x0000000082100000, 0x0000000082200000, 0x0000000082200000|100%| O|  |TAMS 0x0000000082200000| PB 0x0000000082200000| Updating 
|  34|0x0000000082200000, 0x0000000082300000, 0x0000000082300000|100%| O|  |TAMS 0x0000000082300000| PB 0x0000000082300000| Untracked 
|  35|0x0000000082300000, 0x0000000082400000, 0x0000000082400000|100%| O|  |TAMS 0x0000000082400000| PB 0x0000000082400000| Untracked 
|  36|0x0000000082400000, 0x0000000082500000, 0x0000000082500000|100%| O|  |TAMS 0x0000000082500000| PB 0x0000000082500000| Updating 
|  37|0x0000000082500000, 0x0000000082600000, 0x0000000082600000|100%|HS|  |TAMS 0x0000000082600000| PB 0x0000000082500000| Complete 
|  38|0x0000000082600000, 0x0000000082700000, 0x0000000082700000|100%|HC|  |TAMS 0x0000000082700000| PB 0x0000000082600000| Complete 
|  39|0x0000000082700000, 0x0000000082800000, 0x0000000082800000|100%| O|  |TAMS 0x0000000082800000| PB 0x0000000082800000| Untracked 
|  40|0x0000000082800000, 0x0000000082900000, 0x0000000082900000|100%| O|  |TAMS 0x0000000082900000| PB 0x0000000082900000| Updating 
|  41|0x0000000082900000, 0x0000000082a00000, 0x0000000082a00000|100%| O|  |TAMS 0x0000000082a00000| PB 0x0000000082a00000| Updating 
|  42|0x0000000082a00000, 0x0000000082b00000, 0x0000000082b00000|100%| O|  |TAMS 0x0000000082b00000| PB 0x0000000082b00000| Untracked 
|  43|0x0000000082b00000, 0x0000000082c00000, 0x0000000082c00000|100%| O|  |TAMS 0x0000000082c00000| PB 0x0000000082c00000| Untracked 
|  44|0x0000000082c00000, 0x0000000082d00000, 0x0000000082d00000|100%| O|  |TAMS 0x0000000082d00000| PB 0x0000000082d00000| Updating 
|  45|0x0000000082d00000, 0x0000000082e00000, 0x0000000082e00000|100%| O|  |TAMS 0x0000000082e00000| PB 0x0000000082e00000| Untracked 
|  46|0x0000000082e00000, 0x0000000082f00000, 0x0000000082f00000|100%| O|  |TAMS 0x0000000082f00000| PB 0x0000000082f00000| Updating 
|  47|0x0000000082f00000, 0x0000000083000000, 0x0000000083000000|100%| O|  |TAMS 0x0000000083000000| PB 0x0000000083000000| Untracked 
|  48|0x0000000083000000, 0x0000000083100000, 0x0000000083100000|100%|HS|  |TAMS 0x0000000083100000| PB 0x0000000083000000| Complete 
|  49|0x0000000083100000, 0x0000000083200000, 0x0000000083200000|100%|HC|  |TAMS 0x0000000083200000| PB 0x0000000083100000| Complete 
|  50|0x0000000083200000, 0x0000000083300000, 0x0000000083300000|100%| O|  |TAMS 0x0000000083300000| PB 0x0000000083300000| Untracked 
|  51|0x0000000083300000, 0x0000000083400000, 0x0000000083400000|100%| O|  |TAMS 0x0000000083400000| PB 0x0000000083400000| Untracked 
|  52|0x0000000083400000, 0x0000000083500000, 0x0000000083500000|100%| O|  |TAMS 0x0000000083500000| PB 0x0000000083500000| Untracked 
|  53|0x0000000083500000, 0x0000000083600000, 0x0000000083600000|100%| O|  |TAMS 0x0000000083600000| PB 0x0000000083600000| Untracked 
|  54|0x0000000083600000, 0x0000000083700000, 0x0000000083700000|100%| O|  |TAMS 0x0000000083700000| PB 0x0000000083700000| Untracked 
|  55|0x0000000083700000, 0x0000000083800000, 0x0000000083800000|100%| O|  |TAMS 0x0000000083800000| PB 0x0000000083800000| Untracked 
|  56|0x0000000083800000, 0x0000000083900000, 0x0000000083900000|100%| O|  |TAMS 0x0000000083900000| PB 0x0000000083900000| Updating 
|  57|0x0000000083900000, 0x0000000083a00000, 0x0000000083a00000|100%|HS|  |TAMS 0x0000000083a00000| PB 0x0000000083900000| Complete 
|  58|0x0000000083a00000, 0x0000000083b00000, 0x0000000083b00000|100%|HC|  |TAMS 0x0000000083b00000| PB 0x0000000083a00000| Complete 
|  59|0x0000000083b00000, 0x0000000083c00000, 0x0000000083c00000|100%|HC|  |TAMS 0x0000000083c00000| PB 0x0000000083b00000| Complete 
|  60|0x0000000083c00000, 0x0000000083d00000, 0x0000000083d00000|100%|HC|  |TAMS 0x0000000083d00000| PB 0x0000000083c00000| Complete 
|  61|0x0000000083d00000, 0x0000000083e00000, 0x0000000083e00000|100%|HC|  |TAMS 0x0000000083e00000| PB 0x0000000083d00000| Complete 
|  62|0x0000000083e00000, 0x0000000083f00000, 0x0000000083f00000|100%|HC|  |TAMS 0x0000000083f00000| PB 0x0000000083e00000| Complete 
|  63|0x0000000083f00000, 0x0000000084000000, 0x0000000084000000|100%|HS|  |TAMS 0x0000000084000000| PB 0x0000000083f00000| Complete 
|  64|0x0000000084000000, 0x0000000084100000, 0x0000000084100000|100%|HC|  |TAMS 0x0000000084100000| PB 0x0000000084000000| Complete 
|  65|0x0000000084100000, 0x0000000084200000, 0x0000000084200000|100%|HC|  |TAMS 0x0000000084200000| PB 0x0000000084100000| Complete 
|  66|0x0000000084200000, 0x0000000084300000, 0x0000000084300000|100%|HC|  |TAMS 0x0000000084300000| PB 0x0000000084200000| Complete 
|  67|0x0000000084300000, 0x0000000084400000, 0x0000000084400000|100%|HC|  |TAMS 0x0000000084400000| PB 0x0000000084300000| Complete 
|  68|0x0000000084400000, 0x0000000084500000, 0x0000000084500000|100%|HC|  |TAMS 0x0000000084500000| PB 0x0000000084400000| Complete 
|  69|0x0000000084500000, 0x0000000084600000, 0x0000000084600000|100%| O|  |TAMS 0x0000000084600000| PB 0x0000000084600000| Untracked 
|  70|0x0000000084600000, 0x0000000084700000, 0x0000000084700000|100%| O|  |TAMS 0x0000000084700000| PB 0x0000000084700000| Untracked 
|  71|0x0000000084700000, 0x0000000084800000, 0x0000000084800000|100%| O|  |TAMS 0x0000000084800000| PB 0x0000000084800000| Untracked 
|  72|0x0000000084800000, 0x0000000084900000, 0x0000000084900000|100%| O|  |TAMS 0x0000000084900000| PB 0x0000000084900000| Untracked 
|  73|0x0000000084900000, 0x0000000084a00000, 0x0000000084a00000|100%| O|  |TAMS 0x0000000084a00000| PB 0x0000000084a00000| Untracked 
|  74|0x0000000084a00000, 0x0000000084b00000, 0x0000000084b00000|100%|HS|  |TAMS 0x0000000084b00000| PB 0x0000000084a00000| Complete 
|  75|0x0000000084b00000, 0x0000000084c00000, 0x0000000084c00000|100%|HC|  |TAMS 0x0000000084c00000| PB 0x0000000084b00000| Complete 
|  76|0x0000000084c00000, 0x0000000084d00000, 0x0000000084d00000|100%|HC|  |TAMS 0x0000000084d00000| PB 0x0000000084c00000| Complete 
|  77|0x0000000084d00000, 0x0000000084e00000, 0x0000000084e00000|100%|HC|  |TAMS 0x0000000084e00000| PB 0x0000000084d00000| Complete 
|  78|0x0000000084e00000, 0x0000000084f00000, 0x0000000084f00000|100%|HC|  |TAMS 0x0000000084f00000| PB 0x0000000084e00000| Complete 
|  79|0x0000000084f00000, 0x0000000085000000, 0x0000000085000000|100%|HC|  |TAMS 0x0000000085000000| PB 0x0000000084f00000| Complete 
|  80|0x0000000085000000, 0x0000000085100000, 0x0000000085100000|100%|HS|  |TAMS 0x0000000085100000| PB 0x0000000085000000| Complete 
|  81|0x0000000085100000, 0x0000000085200000, 0x0000000085200000|100%| O|  |TAMS 0x0000000085200000| PB 0x0000000085200000| Untracked 
|  82|0x0000000085200000, 0x0000000085300000, 0x0000000085300000|100%| O|  |TAMS 0x0000000085300000| PB 0x0000000085300000| Untracked 
|  83|0x0000000085300000, 0x0000000085400000, 0x0000000085400000|100%| O|  |TAMS 0x0000000085400000| PB 0x0000000085400000| Untracked 
|  84|0x0000000085400000, 0x0000000085500000, 0x0000000085500000|100%| O|  |TAMS 0x0000000085500000| PB 0x0000000085500000| Untracked 
|  85|0x0000000085500000, 0x0000000085600000, 0x0000000085600000|100%| O|  |TAMS 0x0000000085600000| PB 0x0000000085600000| Untracked 
|  86|0x0000000085600000, 0x0000000085700000, 0x0000000085700000|100%| O|  |TAMS 0x0000000085700000| PB 0x0000000085700000| Untracked 
|  87|0x0000000085700000, 0x0000000085800000, 0x0000000085800000|100%| O|  |TAMS 0x0000000085800000| PB 0x0000000085800000| Untracked 
|  88|0x0000000085800000, 0x0000000085900000, 0x0000000085900000|100%| O|  |TAMS 0x0000000085900000| PB 0x0000000085900000| Updating 
|  89|0x0000000085900000, 0x0000000085a00000, 0x0000000085a00000|100%| O|  |TAMS 0x0000000085a00000| PB 0x0000000085a00000| Untracked 
|  90|0x0000000085a00000, 0x0000000085b00000, 0x0000000085b00000|100%| O|  |TAMS 0x0000000085b00000| PB 0x0000000085b00000| Untracked 
|  91|0x0000000085b00000, 0x0000000085c00000, 0x0000000085c00000|100%| O|  |TAMS 0x0000000085c00000| PB 0x0000000085c00000| Untracked 
|  92|0x0000000085c00000, 0x0000000085d00000, 0x0000000085d00000|100%| O|  |TAMS 0x0000000085d00000| PB 0x0000000085d00000| Untracked 
|  93|0x0000000085d00000, 0x0000000085e00000, 0x0000000085e00000|100%| O|  |TAMS 0x0000000085e00000| PB 0x0000000085e00000| Untracked 
|  94|0x0000000085e00000, 0x0000000085f00000, 0x0000000085f00000|100%| O|  |TAMS 0x0000000085f00000| PB 0x0000000085f00000| Untracked 
|  95|0x0000000085f00000, 0x0000000086000000, 0x0000000086000000|100%| O|  |TAMS 0x0000000086000000| PB 0x0000000086000000| Untracked 
|  96|0x0000000086000000, 0x0000000086100000, 0x0000000086100000|100%| O|  |TAMS 0x0000000086000000| PB 0x0000000086000000| Untracked 
|  97|0x0000000086100000, 0x0000000086200000, 0x0000000086200000|100%| O|  |TAMS 0x0000000086200000| PB 0x0000000086200000| Untracked 
|  98|0x0000000086200000, 0x0000000086300000, 0x0000000086300000|100%| O|  |TAMS 0x0000000086300000| PB 0x0000000086300000| Untracked 
|  99|0x0000000086300000, 0x0000000086400000, 0x0000000086400000|100%| O|  |TAMS 0x0000000086400000| PB 0x0000000086400000| Untracked 
| 100|0x0000000086400000, 0x0000000086500000, 0x0000000086500000|100%| O|  |TAMS 0x0000000086500000| PB 0x0000000086500000| Untracked 
| 101|0x0000000086500000, 0x0000000086600000, 0x0000000086600000|100%| O|  |TAMS 0x0000000086600000| PB 0x0000000086600000| Updating 
| 102|0x0000000086600000, 0x0000000086700000, 0x0000000086700000|100%| O|  |TAMS 0x0000000086700000| PB 0x0000000086700000| Untracked 
| 103|0x0000000086700000, 0x0000000086800000, 0x0000000086800000|100%| O|  |TAMS 0x0000000086800000| PB 0x0000000086800000| Updating 
| 104|0x0000000086800000, 0x0000000086900000, 0x0000000086900000|100%| O|  |TAMS 0x0000000086900000| PB 0x0000000086900000| Updating 
| 105|0x0000000086900000, 0x0000000086a00000, 0x0000000086a00000|100%| O|  |TAMS 0x0000000086a00000| PB 0x0000000086a00000| Untracked 
| 106|0x0000000086a00000, 0x0000000086b00000, 0x0000000086b00000|100%| O|  |TAMS 0x0000000086b00000| PB 0x0000000086b00000| Untracked 
| 107|0x0000000086b00000, 0x0000000086c00000, 0x0000000086c00000|100%| O|  |TAMS 0x0000000086c00000| PB 0x0000000086c00000| Untracked 
| 108|0x0000000086c00000, 0x0000000086d00000, 0x0000000086d00000|100%| O|  |TAMS 0x0000000086d00000| PB 0x0000000086d00000| Untracked 
| 109|0x0000000086d00000, 0x0000000086e00000, 0x0000000086e00000|100%| O|  |TAMS 0x0000000086e00000| PB 0x0000000086e00000| Untracked 
| 110|0x0000000086e00000, 0x0000000086f00000, 0x0000000086f00000|100%| O|  |TAMS 0x0000000086f00000| PB 0x0000000086f00000| Untracked 
| 111|0x0000000086f00000, 0x0000000087000000, 0x0000000087000000|100%| O|  |TAMS 0x0000000087000000| PB 0x0000000087000000| Updating 
| 112|0x0000000087000000, 0x0000000087100000, 0x0000000087100000|100%| O|  |TAMS 0x000000008702f300| PB 0x000000008702f300| Untracked 
| 113|0x0000000087100000, 0x0000000087200000, 0x0000000087200000|100%| O|  |TAMS 0x0000000087100000| PB 0x0000000087100000| Untracked 
| 114|0x0000000087200000, 0x0000000087200000, 0x0000000087300000|  0%| F|  |TAMS 0x0000000087200000| PB 0x0000000087200000| Untracked 
| 115|0x0000000087300000, 0x0000000087300000, 0x0000000087400000|  0%| F|  |TAMS 0x0000000087300000| PB 0x0000000087300000| Untracked 
| 116|0x0000000087400000, 0x0000000087400000, 0x0000000087500000|  0%| F|  |TAMS 0x0000000087400000| PB 0x0000000087400000| Untracked 
| 117|0x0000000087500000, 0x0000000087500000, 0x0000000087600000|  0%| F|  |TAMS 0x0000000087500000| PB 0x0000000087500000| Untracked 
| 118|0x0000000087600000, 0x0000000087600000, 0x0000000087700000|  0%| F|  |TAMS 0x0000000087600000| PB 0x0000000087600000| Untracked 
| 119|0x0000000087700000, 0x000000008772ab08, 0x0000000087800000| 16%| S|CS|TAMS 0x0000000087700000| PB 0x0000000087700000| Complete 
| 120|0x0000000087800000, 0x0000000087900000, 0x0000000087900000|100%| S|CS|TAMS 0x0000000087800000| PB 0x0000000087800000| Complete 
| 121|0x0000000087900000, 0x0000000087a00000, 0x0000000087a00000|100%| S|CS|TAMS 0x0000000087900000| PB 0x0000000087900000| Complete 
| 122|0x0000000087a00000, 0x0000000087a00000, 0x0000000087b00000|  0%| F|  |TAMS 0x0000000087a00000| PB 0x0000000087a00000| Untracked 
| 123|0x0000000087b00000, 0x0000000087b00000, 0x0000000087c00000|  0%| F|  |TAMS 0x0000000087b00000| PB 0x0000000087b00000| Untracked 
| 124|0x0000000087c00000, 0x0000000087c00000, 0x0000000087d00000|  0%| F|  |TAMS 0x0000000087c00000| PB 0x0000000087c00000| Untracked 
| 125|0x0000000087d00000, 0x0000000087d00000, 0x0000000087e00000|  0%| F|  |TAMS 0x0000000087d00000| PB 0x0000000087d00000| Untracked 
| 126|0x0000000087e00000, 0x0000000087e00000, 0x0000000087f00000|  0%| F|  |TAMS 0x0000000087e00000| PB 0x0000000087e00000| Untracked 
| 127|0x0000000087f00000, 0x0000000088000000, 0x0000000088000000|100%| S|CS|TAMS 0x0000000087f00000| PB 0x0000000087f00000| Complete 
| 128|0x0000000088000000, 0x0000000088100000, 0x0000000088100000|100%| S|CS|TAMS 0x0000000088000000| PB 0x0000000088000000| Complete 
| 129|0x0000000088100000, 0x0000000088200000, 0x0000000088200000|100%| S|CS|TAMS 0x0000000088100000| PB 0x0000000088100000| Complete 
| 130|0x0000000088200000, 0x0000000088300000, 0x0000000088300000|100%| S|CS|TAMS 0x0000000088200000| PB 0x0000000088200000| Complete 
| 131|0x0000000088300000, 0x0000000088400000, 0x0000000088400000|100%| S|CS|TAMS 0x0000000088300000| PB 0x0000000088300000| Complete 
| 132|0x0000000088400000, 0x0000000088400000, 0x0000000088500000|  0%| F|  |TAMS 0x0000000088400000| PB 0x0000000088400000| Untracked 
| 133|0x0000000088500000, 0x0000000088500000, 0x0000000088600000|  0%| F|  |TAMS 0x0000000088500000| PB 0x0000000088500000| Untracked 
| 134|0x0000000088600000, 0x0000000088600000, 0x0000000088700000|  0%| F|  |TAMS 0x0000000088600000| PB 0x0000000088600000| Untracked 
| 135|0x0000000088700000, 0x0000000088700000, 0x0000000088800000|  0%| F|  |TAMS 0x0000000088700000| PB 0x0000000088700000| Untracked 
| 136|0x0000000088800000, 0x0000000088800000, 0x0000000088900000|  0%| F|  |TAMS 0x0000000088800000| PB 0x0000000088800000| Untracked 
| 137|0x0000000088900000, 0x0000000088900000, 0x0000000088a00000|  0%| F|  |TAMS 0x0000000088900000| PB 0x0000000088900000| Untracked 
| 138|0x0000000088a00000, 0x0000000088a00000, 0x0000000088b00000|  0%| F|  |TAMS 0x0000000088a00000| PB 0x0000000088a00000| Untracked 
| 139|0x0000000088b00000, 0x0000000088b00000, 0x0000000088c00000|  0%| F|  |TAMS 0x0000000088b00000| PB 0x0000000088b00000| Untracked 
| 140|0x0000000088c00000, 0x0000000088c00000, 0x0000000088d00000|  0%| F|  |TAMS 0x0000000088c00000| PB 0x0000000088c00000| Untracked 
| 141|0x0000000088d00000, 0x0000000088d00000, 0x0000000088e00000|  0%| F|  |TAMS 0x0000000088d00000| PB 0x0000000088d00000| Untracked 
| 142|0x0000000088e00000, 0x0000000088e00000, 0x0000000088f00000|  0%| F|  |TAMS 0x0000000088e00000| PB 0x0000000088e00000| Untracked 
| 143|0x0000000088f00000, 0x0000000088f00000, 0x0000000089000000|  0%| F|  |TAMS 0x0000000088f00000| PB 0x0000000088f00000| Untracked 
| 144|0x0000000089000000, 0x0000000089000000, 0x0000000089100000|  0%| F|  |TAMS 0x0000000089000000| PB 0x0000000089000000| Untracked 
| 145|0x0000000089100000, 0x0000000089100000, 0x0000000089200000|  0%| F|  |TAMS 0x0000000089100000| PB 0x0000000089100000| Untracked 
| 146|0x0000000089200000, 0x0000000089200000, 0x0000000089300000|  0%| F|  |TAMS 0x0000000089200000| PB 0x0000000089200000| Untracked 
| 147|0x0000000089300000, 0x0000000089300000, 0x0000000089400000|  0%| F|  |TAMS 0x0000000089300000| PB 0x0000000089300000| Untracked 
| 148|0x0000000089400000, 0x0000000089400000, 0x0000000089500000|  0%| F|  |TAMS 0x0000000089400000| PB 0x0000000089400000| Untracked 
| 149|0x0000000089500000, 0x0000000089500000, 0x0000000089600000|  0%| F|  |TAMS 0x0000000089500000| PB 0x0000000089500000| Untracked 
| 150|0x0000000089600000, 0x0000000089600000, 0x0000000089700000|  0%| F|  |TAMS 0x0000000089600000| PB 0x0000000089600000| Untracked 
| 151|0x0000000089700000, 0x0000000089700000, 0x0000000089800000|  0%| F|  |TAMS 0x0000000089700000| PB 0x0000000089700000| Untracked 
| 152|0x0000000089800000, 0x0000000089800000, 0x0000000089900000|  0%| F|  |TAMS 0x0000000089800000| PB 0x0000000089800000| Untracked 
| 153|0x0000000089900000, 0x0000000089900000, 0x0000000089a00000|  0%| F|  |TAMS 0x0000000089900000| PB 0x0000000089900000| Untracked 
| 154|0x0000000089a00000, 0x0000000089a00000, 0x0000000089b00000|  0%| F|  |TAMS 0x0000000089a00000| PB 0x0000000089a00000| Untracked 
| 155|0x0000000089b00000, 0x0000000089b00000, 0x0000000089c00000|  0%| F|  |TAMS 0x0000000089b00000| PB 0x0000000089b00000| Untracked 
| 156|0x0000000089c00000, 0x0000000089c00000, 0x0000000089d00000|  0%| F|  |TAMS 0x0000000089c00000| PB 0x0000000089c00000| Untracked 
| 157|0x0000000089d00000, 0x0000000089d00000, 0x0000000089e00000|  0%| F|  |TAMS 0x0000000089d00000| PB 0x0000000089d00000| Untracked 
| 158|0x0000000089e00000, 0x0000000089e00000, 0x0000000089f00000|  0%| F|  |TAMS 0x0000000089e00000| PB 0x0000000089e00000| Untracked 
| 159|0x0000000089f00000, 0x0000000089f00000, 0x000000008a000000|  0%| F|  |TAMS 0x0000000089f00000| PB 0x0000000089f00000| Untracked 
| 160|0x000000008a000000, 0x000000008a000000, 0x000000008a100000|  0%| F|  |TAMS 0x000000008a000000| PB 0x000000008a000000| Untracked 
| 161|0x000000008a100000, 0x000000008a100000, 0x000000008a200000|  0%| F|  |TAMS 0x000000008a100000| PB 0x000000008a100000| Untracked 
| 162|0x000000008a200000, 0x000000008a200000, 0x000000008a300000|  0%| F|  |TAMS 0x000000008a200000| PB 0x000000008a200000| Untracked 
| 163|0x000000008a300000, 0x000000008a300000, 0x000000008a400000|  0%| F|  |TAMS 0x000000008a300000| PB 0x000000008a300000| Untracked 
| 164|0x000000008a400000, 0x000000008a400000, 0x000000008a500000|  0%| F|  |TAMS 0x000000008a400000| PB 0x000000008a400000| Untracked 
| 165|0x000000008a500000, 0x000000008a500000, 0x000000008a600000|  0%| F|  |TAMS 0x000000008a500000| PB 0x000000008a500000| Untracked 
| 166|0x000000008a600000, 0x000000008a600000, 0x000000008a700000|  0%| F|  |TAMS 0x000000008a600000| PB 0x000000008a600000| Untracked 
| 167|0x000000008a700000, 0x000000008a700000, 0x000000008a800000|  0%| F|  |TAMS 0x000000008a700000| PB 0x000000008a700000| Untracked 
| 168|0x000000008a800000, 0x000000008a800000, 0x000000008a900000|  0%| F|  |TAMS 0x000000008a800000| PB 0x000000008a800000| Untracked 
| 169|0x000000008a900000, 0x000000008a900000, 0x000000008aa00000|  0%| F|  |TAMS 0x000000008a900000| PB 0x000000008a900000| Untracked 
| 170|0x000000008aa00000, 0x000000008aa00000, 0x000000008ab00000|  0%| F|  |TAMS 0x000000008aa00000| PB 0x000000008aa00000| Untracked 
| 171|0x000000008ab00000, 0x000000008ab00000, 0x000000008ac00000|  0%| F|  |TAMS 0x000000008ab00000| PB 0x000000008ab00000| Untracked 
| 172|0x000000008ac00000, 0x000000008ac00000, 0x000000008ad00000|  0%| F|  |TAMS 0x000000008ac00000| PB 0x000000008ac00000| Untracked 
| 173|0x000000008ad00000, 0x000000008ad00000, 0x000000008ae00000|  0%| F|  |TAMS 0x000000008ad00000| PB 0x000000008ad00000| Untracked 
| 174|0x000000008ae00000, 0x000000008ae00000, 0x000000008af00000|  0%| F|  |TAMS 0x000000008ae00000| PB 0x000000008ae00000| Untracked 
| 175|0x000000008af00000, 0x000000008af00000, 0x000000008b000000|  0%| F|  |TAMS 0x000000008af00000| PB 0x000000008af00000| Untracked 
| 176|0x000000008b000000, 0x000000008b000000, 0x000000008b100000|  0%| F|  |TAMS 0x000000008b000000| PB 0x000000008b000000| Untracked 
| 177|0x000000008b100000, 0x000000008b100000, 0x000000008b200000|  0%| F|  |TAMS 0x000000008b100000| PB 0x000000008b100000| Untracked 
| 178|0x000000008b200000, 0x000000008b200000, 0x000000008b300000|  0%| F|  |TAMS 0x000000008b200000| PB 0x000000008b200000| Untracked 
| 179|0x000000008b300000, 0x000000008b300000, 0x000000008b400000|  0%| F|  |TAMS 0x000000008b300000| PB 0x000000008b300000| Untracked 
| 180|0x000000008b400000, 0x000000008b400000, 0x000000008b500000|  0%| F|  |TAMS 0x000000008b400000| PB 0x000000008b400000| Untracked 
| 181|0x000000008b500000, 0x000000008b500000, 0x000000008b600000|  0%| F|  |TAMS 0x000000008b500000| PB 0x000000008b500000| Untracked 
| 182|0x000000008b600000, 0x000000008b600000, 0x000000008b700000|  0%| F|  |TAMS 0x000000008b600000| PB 0x000000008b600000| Untracked 
| 183|0x000000008b700000, 0x000000008b700000, 0x000000008b800000|  0%| F|  |TAMS 0x000000008b700000| PB 0x000000008b700000| Untracked 
| 184|0x000000008b800000, 0x000000008b800000, 0x000000008b900000|  0%| F|  |TAMS 0x000000008b800000| PB 0x000000008b800000| Untracked 
| 185|0x000000008b900000, 0x000000008b900000, 0x000000008ba00000|  0%| F|  |TAMS 0x000000008b900000| PB 0x000000008b900000| Untracked 
| 186|0x000000008ba00000, 0x000000008ba00000, 0x000000008bb00000|  0%| F|  |TAMS 0x000000008ba00000| PB 0x000000008ba00000| Untracked 
|2040|0x00000000ff800000, 0x00000000ff880800, 0x00000000ff900000| 50%| E|  |TAMS 0x00000000ff800000| PB 0x00000000ff800000| Complete 
|2041|0x00000000ff900000, 0x00000000ffa00000, 0x00000000ffa00000|100%| O|  |TAMS 0x00000000ffa00000| PB 0x00000000ffa00000| Untracked 
|2042|0x00000000ffa00000, 0x00000000ffb00000, 0x00000000ffb00000|100%| E|CS|TAMS 0x00000000ffa00000| PB 0x00000000ffa00000| Complete 
|2043|0x00000000ffb00000, 0x00000000ffc00000, 0x00000000ffc00000|100%| E|CS|TAMS 0x00000000ffb00000| PB 0x00000000ffb00000| Complete 
|2044|0x00000000ffc00000, 0x00000000ffd00000, 0x00000000ffd00000|100%| O|  |TAMS 0x00000000ffd00000| PB 0x00000000ffd00000| Untracked 
|2045|0x00000000ffd00000, 0x00000000ffe00000, 0x00000000ffe00000|100%| O|  |TAMS 0x00000000ffe00000| PB 0x00000000ffe00000| Untracked 
|2046|0x00000000ffe00000, 0x00000000fff00000, 0x00000000fff00000|100%| O|  |TAMS 0x00000000fff00000| PB 0x00000000fff00000| Updating 
|2047|0x00000000fff00000, 0x0000000100000000, 0x0000000100000000|100%| O|  |TAMS 0x0000000100000000| PB 0x0000000100000000| Updating 

Card table byte_map: [0x000001b447600000,0x000001b447a00000] _byte_map_base: 0x000001b447200000

Marking Bits: (CMBitMap*) 0x000001b4348c0fd0
 Bits: [0x000001b447a00000, 0x000001b449a00000)

Polling page: 0x000001b433040000

Metaspace:

Usage:
  Non-class:    126.37 MB used.
      Class:     18.52 MB used.
       Both:    144.89 MB used.

Virtual space:
  Non-class space:      128.00 MB reserved,     127.50 MB (>99%) committed,  2 nodes.
      Class space:        1.00 GB reserved,      19.69 MB (  2%) committed,  1 nodes.
             Both:        1.12 GB reserved,     147.19 MB ( 13%) committed. 

Chunk freelists:
   Non-Class:  448.00 KB
       Class:  12.20 MB
        Both:  12.64 MB

MaxMetaspaceSize: unlimited
CompressedClassSpaceSize: 1.00 GB
Initial GC threshold: 21.00 MB
Current GC threshold: 205.12 MB
CDS: off
 - commit_granule_bytes: 65536.
 - commit_granule_words: 8192.
 - virtual_space_node_default_size: 8388608.
 - enlarge_chunks_in_place: 1.
 - use_allocation_guard: 0.


Internal statistics:

num_allocs_failed_limit: 6.
num_arena_births: 4262.
num_arena_deaths: 0.
num_vsnodes_births: 3.
num_vsnodes_deaths: 0.
num_space_committed: 2353.
num_space_uncommitted: 0.
num_chunks_returned_to_freelist: 6.
num_chunks_taken_from_freelist: 9836.
num_chunk_merges: 6.
num_chunk_splits: 7016.
num_chunks_enlarged: 4997.
num_inconsistent_stats: 0.

CodeHeap 'non-profiled nmethods': size=120000Kb used=5572Kb max_used=5931Kb free=114427Kb
 bounds [0x000001b43f580000, 0x000001b43fb50000, 0x000001b446ab0000]
CodeHeap 'profiled nmethods': size=120000Kb used=21072Kb max_used=21833Kb free=98927Kb
 bounds [0x000001b437ab0000, 0x000001b439010000, 0x000001b43efe0000]
CodeHeap 'non-nmethods': size=5760Kb used=3107Kb max_used=3160Kb free=2653Kb
 bounds [0x000001b43efe0000, 0x000001b43f310000, 0x000001b43f580000]
 total_blobs=11850 nmethods=10688 adapters=1064
 compilation: enabled
              stopped_count=0, restarted_count=0
 full_count=0

Compilation events (20 events):
Event: 17.640 Thread 0x000001b44c4eee10 12520       1       org.gradle.internal.component.external.model.DefaultImmutableCapability::getCapabilityId (5 bytes)
Event: 17.640 Thread 0x000001b44c4eee10 nmethod 12520 0x000001b43fb4a590 code [0x000001b43fb4a720, 0x000001b43fb4a7e8]
Event: 17.640 Thread 0x000001b44c4eee10 12521       3       org.gradle.api.internal.artifacts.ivyservice.resolveengine.graph.builder.DependencyGraphBuilder::resolveEdges (47 bytes)
Event: 17.640 Thread 0x000001b44c4eee10 nmethod 12521 0x000001b438ffc390 code [0x000001b438ffc580, 0x000001b438ffc960]
Event: 17.640 Thread 0x000001b44c4eee10 12522       1       org.gradle.api.internal.artifacts.ivyservice.resolveengine.graph.builder.ComponentState::getImplicitCapability (5 bytes)
Event: 17.640 Thread 0x000001b44c4eee10 nmethod 12522 0x000001b43fb4a890 code [0x000001b43fb4aa20, 0x000001b43fb4aae8]
Event: 17.640 Thread 0x000001b44c4eee10 12523       1       org.gradle.api.internal.artifacts.ivyservice.resolveengine.graph.builder.NodeState::isVirtualPlatformNeedsRefresh (5 bytes)
Event: 17.640 Thread 0x000001b44c4eee10 nmethod 12523 0x000001b43fb4ab90 code [0x000001b43fb4ad20, 0x000001b43fb4adf0]
Event: 17.641 Thread 0x000001b44c4eee10 12524       3       org.gradle.internal.component.external.model.maven.MavenDependencyDescriptor::getConfigurationArtifacts (17 bytes)
Event: 17.641 Thread 0x000001b44c4eee10 nmethod 12524 0x000001b438ffcb10 code [0x000001b438ffcd40, 0x000001b438ffd580]
Event: 17.641 Thread 0x000001b44c4eee10 12525       3       org.gradle.internal.component.external.model.maven.MavenDependencyDescriptor::getDependencyArtifacts (21 bytes)
Event: 17.641 Thread 0x000001b44c4eee10 nmethod 12525 0x000001b438ffd890 code [0x000001b438ffdaa0, 0x000001b438ffe0c0]
Event: 17.641 Thread 0x000001b44c4eee10 12526       3       org.gradle.internal.component.external.model.maven.MavenDependencyMetadata::<init> (14 bytes)
Event: 17.641 Thread 0x000001b44c4eee10 nmethod 12526 0x000001b438ffe310 code [0x000001b438ffe4c0, 0x000001b438ffe7a0]
Event: 17.641 Thread 0x000001b44c4eee10 12527       3       org.gradle.internal.component.external.model.ExternalModuleDependencyMetadata::<init> (20 bytes)
Event: 17.641 Thread 0x000001b44c4eee10 nmethod 12527 0x000001b438ffe890 code [0x000001b438ffea40, 0x000001b438ffec68]
Event: 17.641 Thread 0x000001b44c4eee10 12528       3       org.gradle.internal.component.external.model.maven.MavenDependencyMetadata::<init> (12 bytes)
Event: 17.642 Thread 0x000001b44c4eee10 nmethod 12528 0x000001b438ffed10 code [0x000001b438ffef60, 0x000001b438fffa40]
Event: 17.642 Thread 0x000001b44c4eee10 12529       3       org.gradle.internal.component.model.DefaultAttributeMatcher::matchMultipleCandidates (167 bytes)
Event: 17.643 Thread 0x000001b44c4eee10 nmethod 12529 0x000001b438fffe90 code [0x000001b439000240, 0x000001b439001cd8]

GC Heap History (20 events):
Event: 11.686 GC heap before
{Heap before GC invocations=27 (full 0):
 garbage-first heap   total 140288K, used 105791K [0x0000000080000000, 0x0000000100000000)
  region size 1024K, 26 young (26624K), 5 survivors (5120K)
 Metaspace       used 96279K, committed 98176K, reserved 1179648K
  class space    used 13198K, committed 14144K, reserved 1048576K
}
Event: 11.690 GC heap after
{Heap after GC invocations=28 (full 0):
 garbage-first heap   total 140288K, used 85887K [0x0000000080000000, 0x0000000100000000)
  region size 1024K, 3 young (3072K), 3 survivors (3072K)
 Metaspace       used 96279K, committed 98176K, reserved 1179648K
  class space    used 13198K, committed 14144K, reserved 1048576K
}
Event: 11.919 GC heap before
{Heap before GC invocations=29 (full 0):
 garbage-first heap   total 155648K, used 134015K [0x0000000080000000, 0x0000000100000000)
  region size 1024K, 44 young (45056K), 3 survivors (3072K)
 Metaspace       used 96791K, committed 98688K, reserved 1179648K
  class space    used 13244K, committed 14208K, reserved 1048576K
}
Event: 11.931 GC heap after
{Heap after GC invocations=30 (full 0):
 garbage-first heap   total 155648K, used 96633K [0x0000000080000000, 0x0000000100000000)
  region size 1024K, 6 young (6144K), 6 survivors (6144K)
 Metaspace       used 96791K, committed 98688K, reserved 1179648K
  class space    used 13244K, committed 14208K, reserved 1048576K
}
Event: 12.456 GC heap before
{Heap before GC invocations=30 (full 0):
 garbage-first heap   total 155648K, used 145785K [0x0000000080000000, 0x0000000100000000)
  region size 1024K, 47 young (48128K), 6 survivors (6144K)
 Metaspace       used 102027K, committed 103936K, reserved 1179648K
  class space    used 13835K, committed 14784K, reserved 1048576K
}
Event: 12.465 GC heap after
{Heap after GC invocations=31 (full 0):
 garbage-first heap   total 158720K, used 108045K [0x0000000080000000, 0x0000000100000000)
  region size 1024K, 4 young (4096K), 4 survivors (4096K)
 Metaspace       used 102027K, committed 103936K, reserved 1179648K
  class space    used 13835K, committed 14784K, reserved 1048576K
}
Event: 12.861 GC heap before
{Heap before GC invocations=31 (full 0):
 garbage-first heap   total 158720K, used 144909K [0x0000000080000000, 0x0000000100000000)
  region size 1024K, 40 young (40960K), 4 survivors (4096K)
 Metaspace       used 106675K, committed 108672K, reserved 1179648K
  class space    used 14231K, committed 15232K, reserved 1048576K
}
Event: 12.865 GC heap after
{Heap after GC invocations=32 (full 0):
 garbage-first heap   total 190464K, used 110174K [0x0000000080000000, 0x0000000100000000)
  region size 1024K, 3 young (3072K), 3 survivors (3072K)
 Metaspace       used 106675K, committed 108672K, reserved 1179648K
  class space    used 14231K, committed 15232K, reserved 1048576K
}
Event: 13.593 GC heap before
{Heap before GC invocations=33 (full 0):
 garbage-first heap   total 190464K, used 168542K [0x0000000080000000, 0x0000000100000000)
  region size 1024K, 60 young (61440K), 3 survivors (3072K)
 Metaspace       used 113644K, committed 115968K, reserved 1179648K
  class space    used 15143K, committed 16320K, reserved 1048576K
}
Event: 13.597 GC heap after
{Heap after GC invocations=34 (full 0):
 garbage-first heap   total 190464K, used 112962K [0x0000000080000000, 0x0000000100000000)
  region size 1024K, 6 young (6144K), 6 survivors (6144K)
 Metaspace       used 113644K, committed 115968K, reserved 1179648K
  class space    used 15143K, committed 16320K, reserved 1048576K
}
Event: 14.036 GC heap before
{Heap before GC invocations=34 (full 0):
 garbage-first heap   total 190464K, used 174402K [0x0000000080000000, 0x0000000100000000)
  region size 1024K, 65 young (66560K), 6 survivors (6144K)
 Metaspace       used 118771K, committed 121024K, reserved 1179648K
  class space    used 15764K, committed 16896K, reserved 1048576K
}
Event: 14.042 GC heap after
{Heap after GC invocations=35 (full 0):
 garbage-first heap   total 190464K, used 116291K [0x0000000080000000, 0x0000000100000000)
  region size 1024K, 8 young (8192K), 8 survivors (8192K)
 Metaspace       used 118771K, committed 121024K, reserved 1179648K
  class space    used 15764K, committed 16896K, reserved 1048576K
}
Event: 14.577 GC heap before
{Heap before GC invocations=35 (full 0):
 garbage-first heap   total 190464K, used 170563K [0x0000000080000000, 0x0000000100000000)
  region size 1024K, 61 young (62464K), 8 survivors (8192K)
 Metaspace       used 123175K, committed 125440K, reserved 1179648K
  class space    used 16220K, committed 17344K, reserved 1048576K
}
Event: 14.582 GC heap after
{Heap after GC invocations=36 (full 0):
 garbage-first heap   total 190464K, used 118583K [0x0000000080000000, 0x0000000100000000)
  region size 1024K, 7 young (7168K), 7 survivors (7168K)
 Metaspace       used 123175K, committed 125440K, reserved 1179648K
  class space    used 16220K, committed 17344K, reserved 1048576K
}
Event: 15.096 GC heap before
{Heap before GC invocations=37 (full 0):
 garbage-first heap   total 199680K, used 170807K [0x0000000080000000, 0x0000000100000000)
  region size 1024K, 58 young (59392K), 7 survivors (7168K)
 Metaspace       used 129390K, committed 131648K, reserved 1179648K
  class space    used 16919K, committed 18048K, reserved 1048576K
}
Event: 15.102 GC heap after
{Heap after GC invocations=38 (full 0):
 garbage-first heap   total 199680K, used 122202K [0x0000000080000000, 0x0000000100000000)
  region size 1024K, 8 young (8192K), 8 survivors (8192K)
 Metaspace       used 129390K, committed 131648K, reserved 1179648K
  class space    used 16919K, committed 18048K, reserved 1048576K
}
Event: 15.592 GC heap before
{Heap before GC invocations=38 (full 0):
 garbage-first heap   total 199680K, used 178522K [0x0000000080000000, 0x0000000100000000)
  region size 1024K, 63 young (64512K), 8 survivors (8192K)
 Metaspace       used 138583K, committed 140864K, reserved 1179648K
  class space    used 17773K, committed 18944K, reserved 1048576K
}
Event: 15.597 GC heap after
{Heap after GC invocations=39 (full 0):
 garbage-first heap   total 199680K, used 123068K [0x0000000080000000, 0x0000000100000000)
  region size 1024K, 5 young (5120K), 5 survivors (5120K)
 Metaspace       used 138583K, committed 140864K, reserved 1179648K
  class space    used 17773K, committed 18944K, reserved 1048576K
}
Event: 17.583 GC heap before
{Heap before GC invocations=39 (full 0):
 garbage-first heap   total 199680K, used 181436K [0x0000000080000000, 0x0000000100000000)
  region size 1024K, 63 young (64512K), 5 survivors (5120K)
 Metaspace       used 148254K, committed 150592K, reserved 1179648K
  class space    used 18954K, committed 20160K, reserved 1048576K
}
Event: 17.590 GC heap after
{Heap after GC invocations=40 (full 0):
 garbage-first heap   total 199680K, used 129194K [0x0000000080000000, 0x0000000100000000)
  region size 1024K, 8 young (8192K), 8 survivors (8192K)
 Metaspace       used 148254K, committed 150592K, reserved 1179648K
  class space    used 18954K, committed 20160K, reserved 1048576K
}

Dll operation events (3 events):
Event: 0.012 Loaded shared library D:\AndroidStudio\jbr\bin\java.dll
Event: 0.017 Loaded shared library D:\AndroidStudio\jbr\bin\zip.dll
Event: 0.653 Loaded shared library D:\AndroidStudio\jbr\bin\verify.dll

Deoptimization events (20 events):
Event: 17.295 Thread 0x000001b4528bfbb0 DEOPT PACKING pc=0x000001b438eded2b sp=0x0000006fee1f59a0
Event: 17.295 Thread 0x000001b4528bfbb0 DEOPT UNPACKING pc=0x000001b43f034e42 sp=0x0000006fee1f4dd0 mode 0
Event: 17.385 Thread 0x000001b4528bfbb0 Uncommon trap: trap_request=0xffffff45 fr.pc=0x000001b43fb1402c relative=0x0000000000000dcc
Event: 17.385 Thread 0x000001b4528bfbb0 Uncommon trap: reason=unstable_if action=reinterpret pc=0x000001b43fb1402c method=com.esotericsoftware.kryo.io.Input.readUtf8Length(I)I @ 9 c2
Event: 17.385 Thread 0x000001b4528bfbb0 DEOPT PACKING pc=0x000001b43fb1402c sp=0x0000006fee1f67a0
Event: 17.385 Thread 0x000001b4528bfbb0 DEOPT UNPACKING pc=0x000001b43f0346a2 sp=0x0000006fee1f66f8 mode 2
Event: 17.479 Thread 0x000001b4528bfbb0 DEOPT PACKING pc=0x000001b438f03971 sp=0x0000006fee1f5a90
Event: 17.479 Thread 0x000001b4528bfbb0 DEOPT UNPACKING pc=0x000001b43f034e42 sp=0x0000006fee1f4f30 mode 0
Event: 17.591 Thread 0x000001b44c4ccb50 Uncommon trap: trap_request=0xffffff45 fr.pc=0x000001b43f67b82c relative=0x000000000000072c
Event: 17.591 Thread 0x000001b44c4ccb50 Uncommon trap: reason=unstable_if action=reinterpret pc=0x000001b43f67b82c method=java.util.HashMap$HashIterator.<init>(Ljava/util/HashMap;)V @ 45 c2
Event: 17.591 Thread 0x000001b44c4ccb50 DEOPT PACKING pc=0x000001b43f67b82c sp=0x0000006feccfeea0
Event: 17.591 Thread 0x000001b44c4ccb50 DEOPT UNPACKING pc=0x000001b43f0346a2 sp=0x0000006feccfed30 mode 2
Event: 17.592 Thread 0x000001b44c4ccb50 Uncommon trap: trap_request=0xffffff45 fr.pc=0x000001b43f8e13f4 relative=0x0000000000000134
Event: 17.592 Thread 0x000001b44c4ccb50 Uncommon trap: reason=unstable_if action=reinterpret pc=0x000001b43f8e13f4 method=java.lang.ThreadLocal.get(Ljava/lang/Thread;)Ljava/lang/Object; @ 7 c2
Event: 17.592 Thread 0x000001b44c4ccb50 DEOPT PACKING pc=0x000001b43f8e13f4 sp=0x0000006feccfe6b0
Event: 17.592 Thread 0x000001b44c4ccb50 DEOPT UNPACKING pc=0x000001b43f0346a2 sp=0x0000006feccfe5d8 mode 2
Event: 17.593 Thread 0x000001b44c4ccb50 Uncommon trap: trap_request=0xffffff45 fr.pc=0x000001b43f718158 relative=0x00000000000003b8
Event: 17.593 Thread 0x000001b44c4ccb50 Uncommon trap: reason=unstable_if action=reinterpret pc=0x000001b43f718158 method=java.util.HashMap$HashIterator.<init>(Ljava/util/HashMap;)V @ 45 c2
Event: 17.593 Thread 0x000001b44c4ccb50 DEOPT PACKING pc=0x000001b43f718158 sp=0x0000006feccfee50
Event: 17.593 Thread 0x000001b44c4ccb50 DEOPT UNPACKING pc=0x000001b43f0346a2 sp=0x0000006feccfee08 mode 2

Classes loaded (20 events):
Event: 17.137 Loading class sun/security/ssl/SSLEngineOutputRecord
Event: 17.137 Loading class sun/security/ssl/SSLEngineOutputRecord done
Event: 17.137 Loading class sun/security/ssl/SSLEngineOutputRecord$HandshakeFragment
Event: 17.137 Loading class sun/security/ssl/SSLEngineOutputRecord$HandshakeFragment done
Event: 17.137 Loading class sun/security/ssl/SSLEngineOutputRecord$HandshakeMemo
Event: 17.137 Loading class sun/security/ssl/SSLEngineOutputRecord$RecordMemo
Event: 17.137 Loading class sun/security/ssl/SSLEngineOutputRecord$RecordMemo done
Event: 17.137 Loading class sun/security/ssl/SSLEngineOutputRecord$HandshakeMemo done
Event: 17.201 Loading class sun/security/ssl/PreSharedKeyExtension$SHPreSharedKeySpec
Event: 17.202 Loading class sun/security/ssl/PreSharedKeyExtension$SHPreSharedKeySpec done
Event: 17.564 Loading class java/util/Collections$ReverseComparator
Event: 17.564 Loading class java/util/Collections$ReverseComparator done
Event: 17.564 Loading class java/util/Collections$ReverseComparator2
Event: 17.564 Loading class java/util/Collections$ReverseComparator2 done
Event: 17.591 Loading class sun/security/ssl/Alert
Event: 17.592 Loading class sun/security/ssl/Alert done
Event: 17.592 Loading class sun/security/ssl/Alert$AlertConsumer
Event: 17.592 Loading class sun/security/ssl/Alert$AlertConsumer done
Event: 17.592 Loading class sun/security/ssl/Alert$Level
Event: 17.592 Loading class sun/security/ssl/Alert$Level done

Classes unloaded (0 events):
No events

Classes redefined (0 events):
No events

Internal exceptions (20 events):
Event: 14.417 Thread 0x000001b4528bfbb0 Implicit null exception at 0x000001b43f9cdac0 to 0x000001b43f9cdaf8
Event: 14.836 Thread 0x000001b4528bfbb0 Exception <a 'java/lang/NoSuchMethodError'{0x000000008a38cc68}: 'java.lang.Object java.lang.invoke.DirectMethodHandle$Holder.newInvokeSpecial(java.lang.Object, java.lang.Object, java.lang.Object, int, int, java.lang.Object, java.lang.Object)'> (0x000000008a38cc68) 
thrown [s\src\hotspot\share\interpreter\linkResolver.cpp, line 784]
Event: 15.682 Thread 0x000001b4528bfbb0 Exception <a 'sun/nio/fs/WindowsException'{0x000000008b7f1be8}> (0x000000008b7f1be8) 
thrown [s\src\hotspot\share\prims\jni.cpp, line 535]
Event: 15.683 Thread 0x000001b4528bfbb0 Exception <a 'sun/nio/fs/WindowsException'{0x000000008b7f3860}> (0x000000008b7f3860) 
thrown [s\src\hotspot\share\prims\jni.cpp, line 535]
Event: 15.691 Thread 0x000001b4528bfbb0 Exception <a 'sun/nio/fs/WindowsException'{0x000000008b6c4888}> (0x000000008b6c4888) 
thrown [s\src\hotspot\share\prims\jni.cpp, line 535]
Event: 15.693 Thread 0x000001b4528bfbb0 Exception <a 'sun/nio/fs/WindowsException'{0x000000008b6cd718}> (0x000000008b6cd718) 
thrown [s\src\hotspot\share\prims\jni.cpp, line 535]
Event: 15.697 Thread 0x000001b4528bfbb0 Exception <a 'sun/nio/fs/WindowsException'{0x000000008b6e07e0}> (0x000000008b6e07e0) 
thrown [s\src\hotspot\share\prims\jni.cpp, line 535]
Event: 15.757 Thread 0x000001b4528bfbb0 Exception <a 'java/lang/NoSuchMethodError'{0x000000008b2c3ca0}: static Lorg/gradle/api/internal/catalog/DefaultVersionCatalog;.<clinit>()V> (0x000000008b2c3ca0) 
thrown [s\src\hotspot\share\prims\jni.cpp, line 1135]
Event: 15.762 Thread 0x000001b4528bfbb0 Exception <a 'java/lang/NoSuchMethodError'{0x000000008b117488}: static [Ljava/lang/Object;.<clinit>()V> (0x000000008b117488) 
thrown [s\src\hotspot\share\prims\jni.cpp, line 1135]
Event: 15.763 Thread 0x000001b4528bfbb0 Exception <a 'java/lang/NoSuchMethodError'{0x000000008b140058}: static Lorg/gradle/api/internal/catalog/DependencyModel;.<clinit>()V> (0x000000008b140058) 
thrown [s\src\hotspot\share\prims\jni.cpp, line 1135]
Event: 15.763 Thread 0x000001b4528bfbb0 Exception <a 'java/lang/NoSuchMethodError'{0x000000008b143e28}: static Lorg/gradle/api/internal/catalog/AbstractContextAwareModel;.<clinit>()V> (0x000000008b143e28) 
thrown [s\src\hotspot\share\prims\jni.cpp, line 1135]
Event: 15.764 Thread 0x000001b4528bfbb0 Exception <a 'java/lang/NoSuchMethodError'{0x000000008b15d918}: static Lorg/gradle/api/internal/artifacts/dependencies/AbstractVersionConstraint;.<clinit>()V> (0x000000008b15d918) 
thrown [s\src\hotspot\share\prims\jni.cpp, line 1135]
Event: 15.766 Thread 0x000001b4528bfbb0 Exception <a 'java/lang/NoSuchMethodError'{0x000000008b1b1428}: static Lorg/gradle/api/internal/catalog/PluginModel;.<clinit>()V> (0x000000008b1b1428) 
thrown [s\src\hotspot\share\prims\jni.cpp, line 1135]
Event: 15.767 Thread 0x000001b4528bfbb0 Exception <a 'java/lang/NoSuchMethodError'{0x000000008b1c86b0}: static Lorg/gradle/api/internal/catalog/VersionModel;.<clinit>()V> (0x000000008b1c86b0) 
thrown [s\src\hotspot\share\prims\jni.cpp, line 1135]
Event: 15.834 Thread 0x000001b4528bfbb0 Exception <a 'java/lang/NoSuchMethodError'{0x000000008adbfaf0}: 'int java.lang.invoke.DirectMethodHandle$Holder.invokeSpecialIFC(java.lang.Object, java.lang.Object, java.lang.Object)'> (0x000000008adbfaf0) 
thrown [s\src\hotspot\share\interpreter\linkResolver.cpp, line 784]
Event: 15.885 Thread 0x000001b4528bfbb0 Exception <a 'java/lang/NoSuchMethodError'{0x000000008a96e978}: 'java.lang.Object java.lang.invoke.DirectMethodHandle$Holder.invokeSpecial(java.lang.Object, java.lang.Object, java.lang.Object, java.lang.Object, java.lang.Object, long)'> (0x000000008a96e978) 
thrown [s\src\hotspot\share\interpreter\linkResolver.cpp, line 784]
Event: 15.887 Thread 0x000001b4528bfbb0 Exception <a 'java/lang/NoSuchMethodError'{0x000000008a98ef38}: 'void java.lang.invoke.DirectMethodHandle$Holder.invokeStatic(java.lang.Object, java.lang.Object, java.lang.Object, int, java.lang.Object)'> (0x000000008a98ef38) 
thrown [s\src\hotspot\share\interpreter\linkResolver.cpp, line 784]
Event: 15.915 Thread 0x000001b4528bfbb0 Implicit null exception at 0x000001b43f90cc20 to 0x000001b43f90ce8c
Event: 15.974 Thread 0x000001b4528bfbb0 Exception <a 'sun/nio/fs/WindowsException'{0x000000008a6634c8}> (0x000000008a6634c8) 
thrown [s\src\hotspot\share\prims\jni.cpp, line 535]
Event: 17.592 Thread 0x000001b44c4ccb50 Implicit null exception at 0x000001b43f8e130b to 0x000001b43f8e13dc

ZGC Phase Switch (0 events):
No events

VM Operations (20 events):
Event: 16.097 Executing VM operation: HandshakeAllThreads (Deoptimize) done
Event: 16.164 Executing VM operation: HandshakeAllThreads (Deoptimize)
Event: 16.165 Executing VM operation: HandshakeAllThreads (Deoptimize) done
Event: 16.319 Executing VM operation: HandshakeAllThreads (Deoptimize)
Event: 16.319 Executing VM operation: HandshakeAllThreads (Deoptimize) done
Event: 16.396 Executing VM operation: HandshakeAllThreads (Deoptimize)
Event: 16.396 Executing VM operation: HandshakeAllThreads (Deoptimize) done
Event: 16.476 Executing VM operation: HandshakeAllThreads (Deoptimize)
Event: 16.476 Executing VM operation: HandshakeAllThreads (Deoptimize) done
Event: 16.536 Executing VM operation: ICBufferFull
Event: 16.536 Executing VM operation: ICBufferFull done
Event: 17.025 Executing VM operation: HandshakeAllThreads (Deoptimize)
Event: 17.025 Executing VM operation: HandshakeAllThreads (Deoptimize) done
Event: 17.463 Executing VM operation: ICBufferFull
Event: 17.463 Executing VM operation: ICBufferFull done
Event: 17.583 Executing VM operation: G1CollectForAllocation (G1 Evacuation Pause)
Event: 17.590 Executing VM operation: G1CollectForAllocation (G1 Evacuation Pause) done
Event: 17.608 Executing VM operation: HandshakeAllThreads (Deoptimize)
Event: 17.608 Executing VM operation: HandshakeAllThreads (Deoptimize) done
Event: 17.643 Executing VM operation: G1PauseRemark

Memory protections (0 events):
No events

Nmethod flushes (20 events):
Event: 17.646 Thread 0x000001b44c43d2d0 flushing  nmethod 0x000001b4382b1810
Event: 17.646 Thread 0x000001b44c43d2d0 flushing  nmethod 0x000001b4383e6710
Event: 17.646 Thread 0x000001b44c43d2d0 flushing  nmethod 0x000001b43847a390
Event: 17.646 Thread 0x000001b44c43d2d0 flushing  nmethod 0x000001b4385cd590
Event: 17.646 Thread 0x000001b44c43d2d0 flushing  nmethod 0x000001b43860a910
Event: 17.646 Thread 0x000001b44c43d2d0 flushing  nmethod 0x000001b43869c890
Event: 17.646 Thread 0x000001b44c43d2d0 flushing  nmethod 0x000001b438858210
Event: 17.646 Thread 0x000001b44c43d2d0 flushing  nmethod 0x000001b438858b10
Event: 17.646 Thread 0x000001b44c43d2d0 flushing  nmethod 0x000001b438859110
Event: 17.646 Thread 0x000001b44c43d2d0 flushing  nmethod 0x000001b438923990
Event: 17.646 Thread 0x000001b44c43d2d0 flushing  nmethod 0x000001b438994490
Event: 17.646 Thread 0x000001b44c43d2d0 flushing  nmethod 0x000001b438994f90
Event: 17.646 Thread 0x000001b44c43d2d0 flushing  nmethod 0x000001b438a29990
Event: 17.646 Thread 0x000001b44c43d2d0 flushing  nmethod 0x000001b438a2d290
Event: 17.646 Thread 0x000001b44c43d2d0 flushing  nmethod 0x000001b438a2f610
Event: 17.646 Thread 0x000001b44c43d2d0 flushing  nmethod 0x000001b438b7d090
Event: 17.646 Thread 0x000001b44c43d2d0 flushing  nmethod 0x000001b438b7e290
Event: 17.646 Thread 0x000001b44c43d2d0 flushing  nmethod 0x000001b438b7ec90
Event: 17.646 Thread 0x000001b44c43d2d0 flushing  nmethod 0x000001b438b7f510
Event: 17.646 Thread 0x000001b44c43d2d0 flushing  nmethod 0x000001b438bcc790

Events (20 events):
Event: 8.157 Thread 0x000001b452a44360 Thread exited: 0x000001b452a44360
Event: 8.253 Thread 0x000001b44c4eee10 Thread added: 0x000001b4533ed020
Event: 9.364 Thread 0x000001b4533ed020 Thread exited: 0x000001b4533ed020
Event: 9.627 Thread 0x000001b44c4eee10 Thread added: 0x000001b455c23cb0
Event: 9.925 Thread 0x000001b4528bfbb0 Thread added: 0x000001b452e24990
Event: 10.028 Thread 0x000001b455c23cb0 Thread exited: 0x000001b455c23cb0
Event: 11.719 Thread 0x000001b44c4e2120 Thread added: 0x000001b452f1d1b0
Event: 12.088 Thread 0x000001b452f1d1b0 Thread exited: 0x000001b452f1d1b0
Event: 13.464 Thread 0x000001b44c4eee10 Thread added: 0x000001b454a93440
Event: 13.635 Thread 0x000001b454a93440 Thread exited: 0x000001b454a93440
Event: 13.709 Thread 0x000001b44c4eee10 Thread added: 0x000001b455e7a1e0
Event: 14.618 Thread 0x000001b455e7a1e0 Thread exited: 0x000001b455e7a1e0
Event: 14.635 Thread 0x000001b44c4eee10 Thread added: 0x000001b4563ee830
Event: 15.556 Thread 0x000001b4563ee830 Thread exited: 0x000001b4563ee830
Event: 15.770 Thread 0x000001b44c4eee10 Thread added: 0x000001b4600e5240
Event: 15.927 Thread 0x000001b4600e5240 Thread exited: 0x000001b4600e5240
Event: 16.264 Thread 0x000001b44c4eee10 Thread added: 0x000001b4600e6d80
Event: 16.784 Thread 0x000001b4600e6d80 Thread exited: 0x000001b4600e6d80
Event: 16.818 Thread 0x000001b44c4eee10 Thread added: 0x000001b4600e6d80
Event: 17.311 Thread 0x000001b4600e6d80 Thread exited: 0x000001b4600e6d80


Dynamic libraries:
0x00007ff7c1790000 - 0x00007ff7c179a000 	D:\AndroidStudio\jbr\bin\java.exe
0x00007ffda1d20000 - 0x00007ffda1f83000 	C:\WINDOWS\SYSTEM32\ntdll.dll
0x00007ffda0b50000 - 0x00007ffda0c18000 	C:\WINDOWS\System32\KERNEL32.DLL
0x00007ffd9f240000 - 0x00007ffd9f5f2000 	C:\WINDOWS\System32\KERNELBASE.dll
0x00007ffd9f7c0000 - 0x00007ffd9f90b000 	C:\WINDOWS\System32\ucrtbase.dll
0x00007ffd8ce90000 - 0x00007ffd8ceab000 	D:\AndroidStudio\jbr\bin\VCRUNTIME140.dll
0x00007ffd9a570000 - 0x00007ffd9a588000 	D:\AndroidStudio\jbr\bin\jli.dll
0x00007ffda1660000 - 0x00007ffda1828000 	C:\WINDOWS\System32\USER32.dll
0x00007ffd9fa80000 - 0x00007ffd9faa7000 	C:\WINDOWS\System32\win32u.dll
0x00007ffd86f20000 - 0x00007ffd871b0000 	C:\WINDOWS\WinSxS\amd64_microsoft.windows.common-controls_6595b64144ccf1df_6.0.26100.2454_none_3e0b68a2e331ad60\COMCTL32.dll
0x00007ffda0af0000 - 0x00007ffda0b1a000 	C:\WINDOWS\System32\GDI32.dll
0x00007ffda15b0000 - 0x00007ffda1659000 	C:\WINDOWS\System32\msvcrt.dll
0x00007ffd9f690000 - 0x00007ffd9f7bb000 	C:\WINDOWS\System32\gdi32full.dll
0x00007ffd9f910000 - 0x00007ffd9f9b3000 	C:\WINDOWS\System32\msvcp_win.dll
0x00007ffda11c0000 - 0x00007ffda11ef000 	C:\WINDOWS\System32\IMM32.DLL
0x00007ffd9bea0000 - 0x00007ffd9beac000 	D:\AndroidStudio\jbr\bin\vcruntime140_1.dll
0x00007ffd85360000 - 0x00007ffd853ed000 	D:\AndroidStudio\jbr\bin\msvcp140.dll
0x00007ffd55110000 - 0x00007ffd55d93000 	D:\AndroidStudio\jbr\bin\server\jvm.dll
0x00007ffda14f0000 - 0x00007ffda15a4000 	C:\WINDOWS\System32\ADVAPI32.dll
0x00007ffda1410000 - 0x00007ffda14b6000 	C:\WINDOWS\System32\sechost.dll
0x00007ffda12f0000 - 0x00007ffda1406000 	C:\WINDOWS\System32\RPCRT4.dll
0x00007ffda0400000 - 0x00007ffda0474000 	C:\WINDOWS\System32\WS2_32.dll
0x00007ffd9e880000 - 0x00007ffd9e8ce000 	C:\WINDOWS\SYSTEM32\POWRPROF.dll
0x00007ffd8f7d0000 - 0x00007ffd8f806000 	C:\WINDOWS\SYSTEM32\WINMM.dll
0x00007ffd99580000 - 0x00007ffd9958b000 	C:\WINDOWS\SYSTEM32\VERSION.dll
0x00007ffd9e830000 - 0x00007ffd9e844000 	C:\WINDOWS\SYSTEM32\UMPDC.dll
0x00007ffd9dec0000 - 0x00007ffd9deda000 	C:\WINDOWS\SYSTEM32\kernel.appcore.dll
0x00007ffd9a560000 - 0x00007ffd9a56a000 	D:\AndroidStudio\jbr\bin\jimage.dll
0x00007ffd8d170000 - 0x00007ffd8d3b1000 	C:\WINDOWS\SYSTEM32\DBGHELP.DLL
0x00007ffda0d80000 - 0x00007ffda10fe000 	C:\WINDOWS\System32\combase.dll
0x00007ffda1200000 - 0x00007ffda12d6000 	C:\WINDOWS\System32\OLEAUT32.dll
0x00007ffd8a730000 - 0x00007ffd8a769000 	C:\WINDOWS\SYSTEM32\dbgcore.DLL
0x00007ffd9fab0000 - 0x00007ffd9fb49000 	C:\WINDOWS\System32\bcryptPrimitives.dll
0x00007ffd9beb0000 - 0x00007ffd9bebe000 	D:\AndroidStudio\jbr\bin\instrument.dll
0x00007ffd8b2e0000 - 0x00007ffd8b300000 	D:\AndroidStudio\jbr\bin\java.dll
0x00007ffd8acb0000 - 0x00007ffd8acc8000 	D:\AndroidStudio\jbr\bin\zip.dll
0x00007ffd9fc30000 - 0x00007ffda0330000 	C:\WINDOWS\System32\SHELL32.dll
0x00007ffd9cdb0000 - 0x00007ffd9d5e1000 	C:\WINDOWS\SYSTEM32\windows.storage.dll
0x00007ffd9fb50000 - 0x00007ffd9fc2a000 	C:\WINDOWS\System32\SHCORE.dll
0x00007ffda18b0000 - 0x00007ffda190d000 	C:\WINDOWS\System32\shlwapi.dll
0x00007ffd9efd0000 - 0x00007ffd9effe000 	C:\WINDOWS\SYSTEM32\profapi.dll
0x00007ffd97f20000 - 0x00007ffd97f30000 	D:\AndroidStudio\jbr\bin\net.dll
0x00007ffd99590000 - 0x00007ffd996b6000 	C:\WINDOWS\SYSTEM32\WINHTTP.dll
0x00007ffd9e3a0000 - 0x00007ffd9e408000 	C:\WINDOWS\system32\mswsock.dll
0x00007ffd8ab80000 - 0x00007ffd8ab96000 	D:\AndroidStudio\jbr\bin\nio.dll
0x00007ffd8b2d0000 - 0x00007ffd8b2e0000 	D:\AndroidStudio\jbr\bin\verify.dll
0x00007ffd80a50000 - 0x00007ffd80a77000 	C:\Users\ravin\.gradle\native\c067742578af261105cb4f569cf0c3c89f3d7b1fecec35dd04571415982c5e48\windows-amd64\native-platform.dll
0x00007ffd7c900000 - 0x00007ffd7ca44000 	C:\Users\ravin\.gradle\native\100fb08df4bc3b14c8652ba06237920a3bd2aa13389f12d3474272988ae205f9\windows-amd64\native-platform-file-events.dll
0x00007ffd8ef40000 - 0x00007ffd8ef49000 	D:\AndroidStudio\jbr\bin\management.dll
0x00007ffd8cee0000 - 0x00007ffd8ceeb000 	D:\AndroidStudio\jbr\bin\management_ext.dll
0x00007ffda0910000 - 0x00007ffda0918000 	C:\WINDOWS\System32\PSAPI.DLL
0x00007ffd9e7c0000 - 0x00007ffd9e7dc000 	C:\WINDOWS\SYSTEM32\CRYPTSP.dll
0x00007ffd9de20000 - 0x00007ffd9de58000 	C:\WINDOWS\system32\rsaenh.dll
0x00007ffd9e440000 - 0x00007ffd9e46b000 	C:\WINDOWS\SYSTEM32\USERENV.dll
0x00007ffd9e9f0000 - 0x00007ffd9ea16000 	C:\WINDOWS\SYSTEM32\bcrypt.dll
0x00007ffd9e5d0000 - 0x00007ffd9e5dc000 	C:\WINDOWS\SYSTEM32\CRYPTBASE.dll
0x00007ffd9d8e0000 - 0x00007ffd9d912000 	C:\WINDOWS\SYSTEM32\IPHLPAPI.DLL
0x00007ffda0340000 - 0x00007ffda034a000 	C:\WINDOWS\System32\NSI.dll
0x00007ffd8f390000 - 0x00007ffd8f399000 	D:\AndroidStudio\jbr\bin\extnet.dll
0x00007ffd8f550000 - 0x00007ffd8f558000 	C:\WINDOWS\system32\wshunix.dll
0x00007ffd9d970000 - 0x00007ffd9da95000 	C:\WINDOWS\SYSTEM32\DNSAPI.dll
0x00007ffd98430000 - 0x00007ffd9843b000 	C:\Windows\System32\rasadhlp.dll
0x00007ffd98820000 - 0x00007ffd988a5000 	C:\WINDOWS\System32\fwpuclnt.dll

dbghelp: loaded successfully - version: 4.0.5 - missing functions: none
symbol engine: initialized successfully - sym options: 0x614 - pdb path: .;D:\AndroidStudio\jbr\bin;C:\WINDOWS\SYSTEM32;C:\WINDOWS\WinSxS\amd64_microsoft.windows.common-controls_6595b64144ccf1df_6.0.26100.2454_none_3e0b68a2e331ad60;D:\AndroidStudio\jbr\bin\server;C:\Users\ravin\.gradle\native\c067742578af261105cb4f569cf0c3c89f3d7b1fecec35dd04571415982c5e48\windows-amd64;C:\Users\ravin\.gradle\native\100fb08df4bc3b14c8652ba06237920a3bd2aa13389f12d3474272988ae205f9\windows-amd64

VM Arguments:
jvm_args: --add-opens=java.base/java.util=ALL-UNNAMED --add-opens=java.base/java.lang=ALL-UNNAMED --add-opens=java.base/java.lang.invoke=ALL-UNNAMED --add-opens=java.prefs/java.util.prefs=ALL-UNNAMED --add-exports=jdk.compiler/com.sun.tools.javac.api=ALL-UNNAMED --add-exports=jdk.compiler/com.sun.tools.javac.util=ALL-UNNAMED --add-opens=java.base/java.nio.charset=ALL-UNNAMED --add-opens=java.base/java.net=ALL-UNNAMED --add-opens=java.base/java.util.concurrent.atomic=ALL-UNNAMED -Xmx2048m -Dfile.encoding=UTF-8 -Duser.country=US -Duser.language=en -Duser.variant -javaagent:C:\Users\ravin\.gradle\wrapper\dists\gradle-8.10.2-bin\a04bxjujx95o3nb99gddekhwo\gradle-8.10.2\lib\agents\gradle-instrumentation-agent-8.10.2.jar 
java_command: org.gradle.launcher.daemon.bootstrap.GradleDaemon 8.10.2
java_class_path (initial): C:\Users\ravin\.gradle\wrapper\dists\gradle-8.10.2-bin\a04bxjujx95o3nb99gddekhwo\gradle-8.10.2\lib\gradle-daemon-main-8.10.2.jar
Launcher Type: SUN_STANDARD

[Global flags]
     intx CICompilerCount                          = 3                                         {product} {ergonomic}
     uint ConcGCThreads                            = 2                                         {product} {ergonomic}
     uint G1ConcRefinementThreads                  = 6                                         {product} {ergonomic}
   size_t G1HeapRegionSize                         = 1048576                                   {product} {ergonomic}
    uintx GCDrainStackTargetSize                   = 64                                        {product} {ergonomic}
   size_t InitialHeapSize                          = 134217728                                 {product} {ergonomic}
   size_t MarkStackSize                            = 4194304                                   {product} {ergonomic}
   size_t MaxHeapSize                              = 2147483648                                {product} {command line}
   size_t MaxNewSize                               = 1287651328                                {product} {ergonomic}
   size_t MinHeapDeltaBytes                        = 1048576                                   {product} {ergonomic}
   size_t MinHeapSize                              = 8388608                                   {product} {ergonomic}
    uintx NonNMethodCodeHeapSize                   = 5832780                                {pd product} {ergonomic}
    uintx NonProfiledCodeHeapSize                  = 122912730                              {pd product} {ergonomic}
    uintx ProfiledCodeHeapSize                     = 122912730                              {pd product} {ergonomic}
    uintx ReservedCodeCacheSize                    = 251658240                              {pd product} {ergonomic}
     bool SegmentedCodeCache                       = true                                      {product} {ergonomic}
   size_t SoftMaxHeapSize                          = 2147483648                             {manageable} {ergonomic}
     bool UseCompressedOops                        = true                           {product lp64_product} {ergonomic}
     bool UseG1GC                                  = true                                      {product} {ergonomic}
     bool UseLargePagesIndividualAllocation        = false                                  {pd product} {ergonomic}

Logging:
Log output configuration:
 #0: stdout all=warning uptime,level,tags foldmultilines=false
 #1: stderr all=off uptime,level,tags foldmultilines=false

Environment Variables:
JAVA_HOME=C:\Program Files\Java\jdk-21\bin
PATH=C:\Program Files\Common Files\Oracle\Java\javapath;D:\oracle19c\bin;C:\WINDOWS\system32;C:\WINDOWS;C:\WINDOWS\System32\Wbem;C:\WINDOWS\System32\WindowsPowerShell\v1.0\;C:\WINDOWS\System32\OpenSSH\;C:\Program Files\Java\jdk-21\bin;D:\InstantClient\instantclient_23_6;C:\Users\ravin\AppData\Local\Programs\Python\Python313\Scripts\;C:\Users\ravin\AppData\Local\Programs\Python\Python313\;C:\Users\ravin\AppData\Local\Microsoft\WindowsApps;D:\VS Code\Microsoft VS Code\bin
USERNAME=ravin
OS=Windows_NT
PROCESSOR_IDENTIFIER=Intel64 Family 6 Model 158 Stepping 10, GenuineIntel
TMP=C:\Users\ravin\AppData\Local\Temp
TEMP=C:\Users\ravin\AppData\Local\Temp




Periodic native trim disabled

JNI global refs:
JNI global refs: 27, weak refs: 0

JNI global refs memory usage: 835, weak refs: 833

Process memory usage:
Resident Set Size: 540120K (6% of 8349664K total physical memory with 777324K free physical memory)

OOME stack traces (most recent first):
Classloader memory used:
Loader org.gradle.internal.classloader.VisitableURLClassLoader                         : 95185K
Loader bootstrap                                                                       : 29565K
Loader org.gradle.initialization.MixInLegacyTypesClassLoader                           : 12147K
Loader jdk.internal.loader.ClassLoaders$AppClassLoader                                 : 8066K
Loader org.gradle.internal.classloader.VisitableURLClassLoader                         : 993K
Loader jdk.internal.loader.ClassLoaders$PlatformClassLoader                            : 975K
Loader org.gradle.internal.classloader.VisitableURLClassLoader$InstrumentingVisitableURLClassLoader: 715K
Loader jdk.internal.jrtfs.JrtFileSystemProvider$JrtFsLoader                            : 330K
Loader jdk.internal.reflect.DelegatingClassLoader                                      : 250K
Loader org.gradle.groovy.scripts.internal.DefaultScriptCompilationHandler$ScriptClassLoader: 90792B
Loader org.codehaus.groovy.runtime.callsite.CallSiteClassLoader                        : 49592B

Classes loaded by more than one classloader:
Class org.gradle.api.GradleException                                                  : loaded 3 times (x 78B)
Class Program                                                                         : loaded 3 times (x 68B)
Class org.gradle.internal.classloader.ClassLoaderHierarchy                            : loaded 2 times (x 66B)
Class org.gradle.api.internal.classpath.ManifestUtil                                  : loaded 2 times (x 67B)
Class org.jetbrains.plugins.gradle.model.GradleExtensions                             : loaded 2 times (x 66B)
Class org.jetbrains.plugins.gradle.model.AnnotationProcessingModel                    : loaded 2 times (x 66B)
Class jdk.internal.jimage.decompressor.StringSharingDecompressorFactory               : loaded 2 times (x 70B)
Class org.gradle.internal.operations.MultipleBuildOperationFailures                   : loaded 2 times (x 91B)
Class org.jetbrains.kotlin.idea.gradleTooling.model.noarg.NoArgModel                  : loaded 2 times (x 66B)
Class org.gradle.internal.classloader.DefaultClassLoaderFactory                       : loaded 2 times (x 78B)
Class kotlin.collections.AbstractList$Companion                                       : loaded 2 times (x 67B)
Class org.gradle.internal.classloader.ClassLoaderVisitor                              : loaded 2 times (x 72B)
Class org.gradle.api.internal.classpath.EffectiveClassPath                            : loaded 2 times (x 86B)
Class org.gradle.tooling.internal.gradle.DefaultProjectIdentifier                     : loaded 2 times (x 82B)
Class org.jetbrains.kotlin.idea.gradleTooling.model.allopen.AllOpenModel              : loaded 2 times (x 66B)
Class org.gradle.api.internal.DefaultClassPathProvider                                : loaded 2 times (x 72B)
Class [Lorg.gradle.api.internal.ClassPathProvider;                                    : loaded 2 times (x 65B)
Class org.gradle.api.internal.ClassPathProvider                                       : loaded 2 times (x 66B)
Class jdk.internal.jrtfs.SystemImage                                                  : loaded 2 times (x 70B)
Class org.gradle.internal.service.UnknownServiceException                             : loaded 2 times (x 79B)
Class org.jetbrains.kotlin.idea.gradleTooling.KotlinDslScriptAdditionalTask           : loaded 2 times (x 66B)
Class jdk.internal.jimage.ImageReader$LinkNode                                        : loaded 2 times (x 80B)
Class org.gradle.internal.classpath.TransformedClassPath                              : loaded 2 times (x 92B)
Class org.gradle.internal.classloader.InstrumentingClassLoader                        : loaded 2 times (x 66B)
Class jdk.internal.jrtfs.SystemImage$1                                                : loaded 2 times (x 74B)
Class kotlin.enums.EnumEntriesList                                                    : loaded 2 times (x 219B)
Class jdk.internal.jrtfs.SystemImage$2                                                : loaded 2 times (x 72B)
Class jdk.internal.jimage.BasicImageReader                                            : loaded 2 times (x 91B)
Class org.jetbrains.kotlin.idea.gradleTooling.KotlinSourceSetContainer                : loaded 2 times (x 66B)
Class org.gradle.internal.service.ServiceLocator                                      : loaded 2 times (x 66B)
Class jdk.internal.jrtfs.JrtFileSystemProvider                                        : loaded 2 times (x 97B)
Class org.jetbrains.kotlin.android.synthetic.idea.AndroidExtensionsGradleModel        : loaded 2 times (x 66B)
Class org.gradle.tooling.model.UnsupportedMethodException                             : loaded 2 times (x 78B)
Class jdk.internal.jimage.ImageLocation                                               : loaded 2 times (x 86B)
Class jdk.internal.jrtfs.JrtDirectoryStream$1                                         : loaded 2 times (x 79B)
Class org.gradle.internal.InternalTransformer                                         : loaded 2 times (x 66B)
Class jdk.internal.jimage.ImageBufferCache$1                                          : loaded 2 times (x 79B)
Class org.gradle.internal.time.DefaultTimer                                           : loaded 2 times (x 76B)
Class org.gradle.internal.classloader.ClasspathUtil$1                                 : loaded 2 times (x 72B)
Class jdk.internal.jimage.ImageBufferCache$2                                          : loaded 2 times (x 87B)
Class org.gradle.api.internal.classpath.DefaultModuleRegistry$DefaultModule           : loaded 2 times (x 82B)
Class org.jetbrains.kotlin.idea.gradleTooling.model.lombok.LombokModel                : loaded 2 times (x 66B)
Class org.gradle.internal.time.DefaultCountdownTimer                                  : loaded 2 times (x 84B)
Class org.gradle.tooling.internal.gradle.DefaultBuildIdentifier                       : loaded 2 times (x 75B)
Class kotlin.Function                                                                 : loaded 2 times (x 66B)
Class org.gradle.api.internal.classpath.Module                                        : loaded 2 times (x 66B)
Class org.gradle.api.internal.classpath.UnknownModuleException                        : loaded 2 times (x 78B)
Class jdk.internal.jimage.ImageHeader                                                 : loaded 2 times (x 67B)
Class com.intellij.openapi.externalSystem.model.project.dependencies.ProjectDependencies: loaded 2 times (x 66B)
Class org.gradle.tooling.internal.gradle.GradleProjectIdentity                        : loaded 2 times (x 66B)
Class org.gradle.api.internal.DefaultClassPathRegistry                                : loaded 2 times (x 72B)
Class org.gradle.api.internal.ClassPathRegistry                                       : loaded 2 times (x 66B)
Class org.gradle.internal.classpath.DefaultClassPath$ImmutableUniqueList              : loaded 2 times (x 195B)
Class jdk.internal.jimage.decompressor.ResourceDecompressor                           : loaded 2 times (x 66B)
Class org.jetbrains.plugins.gradle.model.IntelliJSettings                             : loaded 2 times (x 66B)
Class Settings_gradle$1                                                               : loaded 2 times (x 70B)
Class org.gradle.internal.classpath.ClassPath                                         : loaded 2 times (x 66B)
Class org.gradle.api.UncheckedIOException                                             : loaded 2 times (x 78B)
Class org.jetbrains.kotlin.idea.gradleTooling.KotlinGradleModel                       : loaded 2 times (x 66B)
Class jdk.internal.jimage.ImageStringsReader                                          : loaded 2 times (x 76B)
Class org.gradle.tooling.model.Model                                                  : loaded 2 times (x 66B)
Class kotlin.UninitializedPropertyAccessException                                     : loaded 2 times (x 78B)
Class jdk.internal.jimage.ImageReader                                                 : loaded 2 times (x 71B)
Class org.jetbrains.plugins.gradle.model.IntelliJProjectSettings                      : loaded 2 times (x 66B)
Class org.jetbrains.kotlin.idea.gradleTooling.model.annotation.AnnotationBasedPluginModel: loaded 2 times (x 66B)
Class jdk.internal.jimage.ImageReader$SharedImageReader                               : loaded 2 times (x 91B)
Class org.gradle.internal.installation.GradleInstallation$1                           : loaded 2 times (x 71B)
Class org.gradle.api.internal.classpath.ModuleRegistry                                : loaded 2 times (x 66B)
Class jdk.internal.jimage.decompressor.ResourceDecompressorFactory                    : loaded 2 times (x 70B)
Class org.jetbrains.plugins.gradle.model.VersionCatalogsModel                         : loaded 2 times (x 66B)
Class jdk.internal.jimage.ImageReader$Node                                            : loaded 2 times (x 80B)
Class org.gradle.api.internal.classpath.DefaultModuleRegistry                         : loaded 2 times (x 82B)
Class jdk.internal.jimage.BasicImageReader$1                                          : loaded 2 times (x 73B)
Class jdk.internal.jimage.decompressor.Decompressor                                   : loaded 2 times (x 68B)
Class jdk.internal.jimage.ImageReader$Resource                                        : loaded 2 times (x 80B)
Class org.gradle.internal.time.MonotonicClock                                         : loaded 2 times (x 73B)
Class org.gradle.internal.service.ServiceLookupException                              : loaded 2 times (x 78B)
Class jdk.internal.jrtfs.JrtFileAttributes                                            : loaded 2 times (x 79B)
Class org.gradle.internal.classloader.ClassLoaderFactory                              : loaded 2 times (x 66B)
Class org.gradle.internal.service.CachingServiceLocator                               : loaded 2 times (x 78B)
Class org.jetbrains.plugins.gradle.model.RepositoryModels                             : loaded 2 times (x 66B)
Class org.gradle.internal.time.TimeSource                                             : loaded 2 times (x 66B)
Class org.gradle.tooling.internal.gradle.GradleBuildIdentity                          : loaded 2 times (x 66B)
Class kotlin.enums.EnumEntries                                                        : loaded 2 times (x 66B)
Class org.gradle.internal.exceptions.ResolutionProvider                               : loaded 2 times (x 66B)
Class jdk.internal.jimage.ImageBufferCache                                            : loaded 2 times (x 67B)
Class jdk.internal.jrtfs.JrtPath                                                      : loaded 2 times (x 114B)
Class org.gradle.tooling.model.ProjectIdentifier                                      : loaded 2 times (x 66B)
Class org.gradle.internal.classloader.ClasspathUtil                                   : loaded 2 times (x 67B)
Class org.gradle.internal.time.TimeSource$1                                           : loaded 2 times (x 73B)
Class kotlin.jvm.internal.DefaultConstructorMarker                                    : loaded 2 times (x 67B)
Class org.gradle.api.specs.Spec                                                       : loaded 2 times (x 66B)
Class jdk.internal.jimage.ImageReader$SharedImageReader$LocationVisitor               : loaded 2 times (x 66B)
Class jdk.internal.jimage.decompressor.ResourceDecompressorRepository                 : loaded 2 times (x 67B)
Class org.gradle.internal.time.Clock                                                  : loaded 2 times (x 66B)
Class jdk.internal.jimage.ImageReader$Directory                                       : loaded 2 times (x 80B)
Class org.jetbrains.plugins.gradle.model.jar.JarTaskManifestConfiguration             : loaded 2 times (x 66B)
Class kotlin.collections.AbstractList                                                 : loaded 2 times (x 193B)
Class kotlin.collections.AbstractCollection                                           : loaded 2 times (x 113B)
Class org.gradle.internal.classloader.VisitableURLClassLoader$InstrumentingVisitableURLClassLoader: loaded 2 times (x 119B)
Class org.gradle.internal.classloader.VisitableURLClassLoader$Spec                    : loaded 2 times (x 70B)
Class org.gradle.internal.classpath.DefaultClassPath                                  : loaded 2 times (x 86B)
Class jdk.internal.jimage.decompressor.ZipDecompressorFactory                         : loaded 2 times (x 70B)
Class org.gradle.internal.classloader.ClassLoaderSpec                                 : loaded 2 times (x 67B)
Class Settings_gradle$1$1                                                             : loaded 2 times (x 70B)
Class org.gradle.internal.classloader.VisitableURLClassLoader                         : loaded 2 times (x 113B)
Class Settings_gradle                                                                 : loaded 2 times (x 124B)
Class org.gradle.internal.Cast                                                        : loaded 2 times (x 67B)
Class org.gradle.api.Action                                                           : loaded 2 times (x 66B)
Class jdk.internal.jimage.decompressor.ZipDecompressor                                : loaded 2 times (x 71B)
Class kotlin.jvm.functions.Function1                                                  : loaded 2 times (x 66B)
Class org.gradle.internal.classpath.DefaultClassPath$ImmutableUniqueList$Builder      : loaded 2 times (x 71B)
Class org.jetbrains.kotlin.idea.gradleTooling.model.samWithReceiver.SamWithReceiverModel: loaded 2 times (x 66B)
Class org.gradle.internal.classloader.FilteringClassLoader                            : loaded 2 times (x 101B)
Class org.gradle.internal.exceptions.NonGradleCauseExceptionsHolder                   : loaded 2 times (x 66B)
Class jdk.internal.jimage.ImageStrings                                                : loaded 2 times (x 66B)
Class org.jetbrains.kotlin.idea.gradleTooling.model.assignment.AssignmentModel        : loaded 2 times (x 66B)
Class kotlin.enums.EnumEntriesKt                                                      : loaded 2 times (x 67B)
Class org.gradle.internal.IoActions                                                   : loaded 2 times (x 67B)
Class org.gradle.internal.classloader.SystemClassLoaderSpec                           : loaded 2 times (x 67B)
Class org.gradle.internal.exceptions.MultiCauseException                              : loaded 2 times (x 66B)
Class org.gradle.internal.time.CountdownTimer                                         : loaded 2 times (x 66B)
Class kotlin.jvm.internal.Intrinsics                                                  : loaded 2 times (x 67B)
Class jdk.internal.jrtfs.JrtFileSystem                                                : loaded 2 times (x 98B)
Class org.jetbrains.kotlin.idea.gradleTooling.model.parcelize.ParcelizeGradleModel    : loaded 2 times (x 66B)
Class org.gradle.tooling.model.ProjectModel                                           : loaded 2 times (x 66B)
Class jdk.internal.jimage.decompressor.CompressedResourceHeader                       : loaded 2 times (x 67B)
Class kotlin.KotlinNullPointerException                                               : loaded 2 times (x 79B)
Class org.jetbrains.plugins.gradle.model.tests.ExternalTestsModel                     : loaded 2 times (x 66B)
Class org.gradle.internal.exceptions.DefaultMultiCauseException                       : loaded 2 times (x 91B)
Class org.gradle.internal.time.Time                                                   : loaded 2 times (x 67B)
Class org.jetbrains.plugins.gradle.model.DependencyAccessorsModel                     : loaded 2 times (x 66B)
Class org.gradle.api.internal.classpath.GlobalCacheRootsProvider                      : loaded 2 times (x 66B)
Class org.jetbrains.kotlin.idea.gradleTooling.KotlinMPPGradleModel                    : loaded 2 times (x 66B)
Class ijInit1_b22dsah1axughe86hh8smkzaa                                               : loaded 2 times (x 175B)
Class org.gradle.tooling.model.BuildIdentifier                                        : loaded 2 times (x 66B)
Class org.jetbrains.kotlin.idea.gradleTooling.PrepareKotlinIdeImportTaskModel         : loaded 2 times (x 66B)
Class sync_studio_tooling9_303j731mi1cbhrjc8kk5g9xp2                                  : loaded 2 times (x 175B)
Class org.gradle.internal.time.Timer                                                  : loaded 2 times (x 66B)
Class kotlin.jvm.internal.markers.KMappedMarker                                       : loaded 2 times (x 66B)
Class org.gradle.internal.installation.CurrentGradleInstallationLocator               : loaded 2 times (x 67B)
Class org.gradle.internal.service.DefaultServiceLocator                               : loaded 2 times (x 79B)
Class jdk.internal.jrtfs.JrtDirectoryStream                                           : loaded 2 times (x 85B)
Class org.gradle.util.GradleVersion                                                   : loaded 2 times (x 79B)
Class org.gradle.internal.installation.CurrentGradleInstallation                      : loaded 2 times (x 69B)
Class org.gradle.util.internal.GUtil                                                  : loaded 2 times (x 67B)
Class org.gradle.internal.installation.GradleInstallation                             : loaded 2 times (x 71B)
Class jdk.internal.jimage.decompressor.ResourceDecompressor$StringsProvider           : loaded 2 times (x 66B)

---------------  S Y S T E M  ---------------

OS:
 Windows 11 , 64 bit Build 26100 (10.0.26100.2454)
OS uptime: 2 days 15:46 hours
Hyper-V role detected

CPU: total 6 (initial active 6) (6 cores per cpu, 1 threads per core) family 6 model 158 stepping 10 microcode 0xde, cx8, cmov, fxsr, mmx, 3dnowpref, sse, sse2, sse3, ssse3, sse4.1, sse4.2, popcnt, lzcnt, tsc, tscinvbit, avx, avx2, aes, erms, clmul, bmi1, bmi2, rtm, adx, fma, vzeroupper, clflush, clflushopt, hv, rdtscp, f16c
Processor Information for all 6 processors :
  Max Mhz: 3000, Current Mhz: 3000, Mhz Limit: 3000

Memory: 4k page, system-wide physical 8153M (771M free)
TotalPageFile size 23316M (AvailPageFile size 39M)
current process WorkingSet (physical memory assigned to process): 527M, peak: 527M
current process commit charge ("private bytes"): 553M, peak: 571M

vm_info: OpenJDK 64-Bit Server VM (21.0.4+-12508038-b607.1) for windows-amd64 JRE (21.0.4+-12508038-b607.1), built on 2024-10-16T17:23:34Z by "builder" with MS VC++ 16.10 / 16.11 (VS2019)

END.
